Archive member included to satisfy reference by file (symbol)

.\CortexM3\ARM_GCC_541\Debug\Electronic Gaspedal.a(CyDmac.o)
                              .\CortexM3\ARM_GCC_541\Debug\Cm3Start.o (CyDmacConfigure)
.\CortexM3\ARM_GCC_541\Debug\Electronic Gaspedal.a(CyLib.o)
                              .\CortexM3\ARM_GCC_541\Debug\Cm3Start.o (CyHalt)
.\CortexM3\ARM_GCC_541\Debug\Electronic Gaspedal.a(cyPm.o)
                              .\CortexM3\ARM_GCC_541\Debug\Electronic Gaspedal.a(CyLib.o) (CyPmReadStatus)
.\CortexM3\ARM_GCC_541\Debug\Electronic Gaspedal.a(ErikaOS_ee_activate.o)
                              .\CortexM3\ARM_GCC_541\Debug\main.o (EE_oo_ActivateTask)
.\CortexM3\ARM_GCC_541\Debug\Electronic Gaspedal.a(ErikaOS_ee_alsetrel.o)
                              .\CortexM3\ARM_GCC_541\Debug\main.o (EE_oo_SetRelAlarm)
.\CortexM3\ARM_GCC_541\Debug\Electronic Gaspedal.a(ErikaOS_ee_altick.o)
                              .\CortexM3\ARM_GCC_541\Debug\Electronic Gaspedal.a(ErikaOS_ee_alsetrel.o) (EE_oo_counter_object_insert)
.\CortexM3\ARM_GCC_541\Debug\Electronic Gaspedal.a(ErikaOS_ee_evclear.o)
                              .\CortexM3\ARM_GCC_541\Debug\tsk_control.o (EE_oo_ClearEvent)
.\CortexM3\ARM_GCC_541\Debug\Electronic Gaspedal.a(ErikaOS_ee_evget.o)
                              .\CortexM3\ARM_GCC_541\Debug\tsk_control.o (EE_oo_GetEvent)
.\CortexM3\ARM_GCC_541\Debug\Electronic Gaspedal.a(ErikaOS_ee_evset.o)
                              .\CortexM3\ARM_GCC_541\Debug\swc_brakelight_control.o (EE_oo_SetEvent)
.\CortexM3\ARM_GCC_541\Debug\Electronic Gaspedal.a(ErikaOS_ee_evwait.o)
                              .\CortexM3\ARM_GCC_541\Debug\tsk_control.o (EE_oo_WaitEvent)
.\CortexM3\ARM_GCC_541\Debug\Electronic Gaspedal.a(ErikaOS_ee_irqendin.o)
                              .\CortexM3\ARM_GCC_541\Debug\main.o (EE_IRQ_end_post_stub)
.\CortexM3\ARM_GCC_541\Debug\Electronic Gaspedal.a(ErikaOS_ee_lookup.o)
                              .\CortexM3\ARM_GCC_541\Debug\Electronic Gaspedal.a(ErikaOS_ee_irqendin.o) (EE_oo_IRQ_disable_count)
.\CortexM3\ARM_GCC_541\Debug\Electronic Gaspedal.a(ErikaOS_ee_rq_exchg.o)
                              .\CortexM3\ARM_GCC_541\Debug\Electronic Gaspedal.a(ErikaOS_ee_activate.o) (EE_rq2stk_exchange)
.\CortexM3\ARM_GCC_541\Debug\Electronic Gaspedal.a(ErikaOS_ee_rq_first.o)
                              .\CortexM3\ARM_GCC_541\Debug\Electronic Gaspedal.a(ErikaOS_ee_activate.o) (EE_rq_queryfirst)
.\CortexM3\ARM_GCC_541\Debug\Electronic Gaspedal.a(ErikaOS_ee_rq_inser.o)
                              .\CortexM3\ARM_GCC_541\Debug\Electronic Gaspedal.a(ErikaOS_ee_activate.o) (EE_rq_insert)
.\CortexM3\ARM_GCC_541\Debug\Electronic Gaspedal.a(ErikaOS_ee_startos.o)
                              .\CortexM3\ARM_GCC_541\Debug\main.o (EE_oo_StartOS)
.\CortexM3\ARM_GCC_541\Debug\Electronic Gaspedal.a(ErikaOS_ee_terminat.o)
                              .\CortexM3\ARM_GCC_541\Debug\main.o (EE_oo_TerminateTask)
.\CortexM3\ARM_GCC_541\Debug\Electronic Gaspedal.a(ErikaOS_cortex_mx_ee_utils.o)
                              .\CortexM3\ARM_GCC_541\Debug\main.o (EE_system_init)
.\CortexM3\ARM_GCC_541\Debug\Electronic Gaspedal.a(ErikaOS_common_ee_hal_structs.o)
                              .\CortexM3\ARM_GCC_541\Debug\Electronic Gaspedal.a(ErikaOS_ee_irqendin.o) (EE_std_endcycle_next_tid)
.\CortexM3\ARM_GCC_541\Debug\Electronic Gaspedal.a(ErikaOS_eecfg.o)
                              .\CortexM3\ARM_GCC_541\Debug\Electronic Gaspedal.a(ErikaOS_ee_startos.o) (EE_oo_autostart_task_data)
.\CortexM3\ARM_GCC_541\Debug\Electronic Gaspedal.a(JOYSTICK_ADC_XY.o)
                              .\CortexM3\ARM_GCC_541\Debug\joystick.o (JOYSTICK_ADC_XY_Start)
.\CortexM3\ARM_GCC_541\Debug\Electronic Gaspedal.a(JOYSTICK_ADC_XY_INT.o)
                              .\CortexM3\ARM_GCC_541\Debug\Electronic Gaspedal.a(JOYSTICK_ADC_XY.o) (JOYSTICK_ADC_XY_ISR)
.\CortexM3\ARM_GCC_541\Debug\Electronic Gaspedal.a(JOYSTICK_ADC_XY_SAR.o)
                              .\CortexM3\ARM_GCC_541\Debug\Electronic Gaspedal.a(JOYSTICK_ADC_XY.o) (JOYSTICK_ADC_XY_SAR_shift)
.\CortexM3\ARM_GCC_541\Debug\Electronic Gaspedal.a(JOYSTICK_ADC_XY_TempBuf_dma.o)
                              .\CortexM3\ARM_GCC_541\Debug\Electronic Gaspedal.a(JOYSTICK_ADC_XY.o) (JOYSTICK_ADC_XY_TempBuf_DmaInitialize)
.\CortexM3\ARM_GCC_541\Debug\Electronic Gaspedal.a(JOYSTICK_ADC_XY_FinalBuf_dma.o)
                              .\CortexM3\ARM_GCC_541\Debug\Electronic Gaspedal.a(JOYSTICK_ADC_XY.o) (JOYSTICK_ADC_XY_FinalBuf_DmaInitialize)
.\CortexM3\ARM_GCC_541\Debug\Electronic Gaspedal.a(JOYSTICK_ADC_XY_IRQ.o)
                              .\CortexM3\ARM_GCC_541\Debug\Electronic Gaspedal.a(JOYSTICK_ADC_XY.o) (JOYSTICK_ADC_XY_IRQ_SetVector)
.\CortexM3\ARM_GCC_541\Debug\Electronic Gaspedal.a(UART_LOG.o)
                              .\CortexM3\ARM_GCC_541\Debug\main.o (UART_LOG_Start)
.\CortexM3\ARM_GCC_541\Debug\Electronic Gaspedal.a(UART_LOG_IntClock.o)
[...]
Memory Configuration

Name             Origin             Length             Attributes
rom              0x00000000         0x00040000         xr
ram              0x1fff8000         0x00010000         xrw
*default*        0x00000000         0xffffffff

Linker script and memory map

LOAD c:/program files (x86)/cypress/psoc creator/4.4/psoc creator/import/gnu/arm/5.4.1/bin/../lib/gcc/arm-none-eabi/5.4.1/armv7-m/crti.o
LOAD c:/program files (x86)/cypress/psoc creator/4.4/psoc creator/import/gnu/arm/5.4.1/bin/../lib/gcc/arm-none-eabi/5.4.1/armv7-m/crtbegin.o
LOAD c:/program files (x86)/cypress/psoc creator/4.4/psoc creator/import/gnu/arm/5.4.1/bin/../lib/gcc/arm-none-eabi/5.4.1/../../../../arm-none-eabi/lib/armv7-m/crt0.o
START GROUP
LOAD .\CortexM3\ARM_GCC_541\Debug\main.o
LOAD .\CortexM3\ARM_GCC_541\Debug\swc_brakelight_control.o
LOAD .\CortexM3\ARM_GCC_541\Debug\swc_calc_control.o
LOAD .\CortexM3\ARM_GCC_541\Debug\swc_engine_control.o
LOAD .\CortexM3\ARM_GCC_541\Debug\swc_joystick.o
LOAD .\CortexM3\ARM_GCC_541\Debug\tsk_control.o
LOAD .\CortexM3\ARM_GCC_541\Debug\tsk_io.o
LOAD .\CortexM3\ARM_GCC_541\Debug\tsk_brakelight.o
LOAD .\CortexM3\ARM_GCC_541\Debug\led.o
LOAD .\CortexM3\ARM_GCC_541\Debug\watchdog.o
LOAD .\CortexM3\ARM_GCC_541\Debug\rte.o
LOAD .\CortexM3\ARM_GCC_541\Debug\sc_joystick.o
LOAD .\CortexM3\ARM_GCC_541\Debug\sc_joystick_type.o
LOAD .\CortexM3\ARM_GCC_541\Debug\sc_speed.o
LOAD .\CortexM3\ARM_GCC_541\Debug\sc_speed_type.o
LOAD .\CortexM3\ARM_GCC_541\Debug\sp_signalpool.o
LOAD .\CortexM3\ARM_GCC_541\Debug\joystick.o
LOAD .\CortexM3\ARM_GCC_541\Debug\cyfitter_cfg.o
LOAD .\CortexM3\ARM_GCC_541\Debug\cymetadata.o
LOAD .\CortexM3\ARM_GCC_541\Debug\Cm3Start.o
LOAD .\CortexM3\ARM_GCC_541\Debug\Electronic Gaspedal.a
LOAD C:\Program Files (x86)\Cypress\PSoC Creator\4.4\PSoC Creator\psoc\content\cycomponentlibrary\CyComponentLibrary.cylib\CortexM3\ARM_GCC_541\Debug\CyComponentLibrary.a
END GROUP
START GROUP
LOAD c:/program files (x86)/cypress/psoc creator/4.4/psoc creator/import/gnu/arm/5.4.1/bin/../lib/gcc/arm-none-eabi/5.4.1/armv7-m\libgcc.a
LOAD c:/program files (x86)/cypress/psoc creator/4.4/psoc creator/import/gnu/arm/5.4.1/bin/../lib/gcc/arm-none-eabi/5.4.1/../../../../arm-none-eabi/lib/armv7-m\libg_nano.a
LOAD c:/program files (x86)/cypress/psoc creator/4.4/psoc creator/import/gnu/arm/5.4.1/bin/../lib/gcc/arm-none-eabi/5.4.1/../../../../arm-none-eabi/lib/armv7-m\libc_nano.a
END GROUP
START GROUP
LOAD c:/program files (x86)/cypress/psoc creator/4.4/psoc creator/import/gnu/arm/5.4.1/bin/../lib/gcc/arm-none-eabi/5.4.1/armv7-m\libgcc.a
LOAD c:/program files (x86)/cypress/psoc creator/4.4/psoc creator/import/gnu/arm/5.4.1/bin/../lib/gcc/arm-none-eabi/5.4.1/../../../../arm-none-eabi/lib/armv7-m\libc_nano.a
END GROUP
LOAD c:/program files (x86)/cypress/psoc creator/4.4/psoc creator/import/gnu/arm/5.4.1/bin/../lib/gcc/arm-none-eabi/5.4.1/armv7-m/crtend.o
LOAD c:/program files (x86)/cypress/psoc creator/4.4/psoc creator/import/gnu/arm/5.4.1/bin/../lib/gcc/arm-none-eabi/5.4.1/armv7-m/crtn.o
START GROUP
LOAD c:/program files (x86)/cypress/psoc creator/4.4/psoc creator/import/gnu/arm/5.4.1/bin/../lib/gcc/arm-none-eabi/5.4.1/armv7-m\libgcc.a
LOAD c:/program files (x86)/cypress/psoc creator/4.4/psoc creator/import/gnu/arm/5.4.1/bin/../lib/gcc/arm-none-eabi/5.4.1/../../../../arm-none-eabi/lib/armv7-m\libc.a
LOAD c:/program files (x86)/cypress/psoc creator/4.4/psoc creator/import/gnu/arm/5.4.1/bin/../lib/gcc/arm-none-eabi/5.4.1/../../../../arm-none-eabi/lib/armv7-m\libnosys.a
END GROUP
                0x00000000                CY_APPL_ORIGIN = 0x0
                0x00000100                CY_FLASH_ROW_SIZE = 0x100
                0x00000020                CY_ECC_ROW_SIZE = 0x20
                0x00000000                CY_EE_IN_BTLDR = 0x0
                0x00000000                CY_APPL_LOADABLE = 0x0
                0x00000800                CY_EE_SIZE = 0x800
                0x00000001                CY_APPL_NUM = 0x1
                0x00000001                CY_APPL_MAX = 0x1
                0x00000040                CY_METADATA_SIZE = 0x40
                0x00000000                CY_APPL_LOADABLE = 0x0
                0x00000000                CY_CHECKSUM_EXCLUDE_SIZE = ALIGN (0x0, CY_FLASH_ROW_SIZE)
                [!provide]                PROVIDE (__cy_heap_start, _end)
                0x00000001                PROVIDE (__cy_region_num, ((__cy_regions_end - __cy_regions) / 0x10))
                0x20008000                PROVIDE (__cy_stack, (ORIGIN (ram) + LENGTH (ram)))
                [!provide]                PROVIDE (__cy_heap_end, (__cy_stack - 0x800))

.cybootloader   0x00000000        0x0
 *(.cybootloader)
                0x00000000                appl1_start = CY_APPL_ORIGIN?CY_APPL_ORIGIN:ALIGN (CY_FLASH_ROW_SIZE)
                0x0001ff00                appl2_start = (appl1_start + ALIGN ((((LENGTH (rom) - appl1_start) - (0x2 * CY_FLASH_ROW_SIZE)) / 0x2), CY_FLASH_ROW_SIZE))
                0x00000000                appl_start = (CY_APPL_NUM == 0x1)?appl1_start:appl2_start
                0x00000000                ecc_offset = ((appl_start / CY_FLASH_ROW_SIZE) * CY_ECC_ROW_SIZE)
                0x00000000                ee_offset = (CY_APPL_LOADABLE && ! (CY_EE_IN_BTLDR))?((CY_EE_SIZE / CY_APPL_MAX) * (CY_APPL_NUM - 0x1)):0x0
                0x00000800                ee_size = (CY_APPL_LOADABLE && ! (CY_EE_IN_BTLDR))?(CY_EE_SIZE / CY_APPL_MAX):CY_EE_SIZE
                [!provide]                PROVIDE (CY_ECC_OFFSET, ecc_offset)

.text           0x00000000     0x1fe6
 CREATE_OBJECT_SYMBOLS
                0x00000000                PROVIDE (__cy_interrupt_vector, RomVectors)
 *(.romvectors)
 .romvectors    0x00000000       0x10 .\CortexM3\ARM_GCC_541\Debug\Cm3Start.o
                0x00000000                RomVectors
                0x00000001                ASSERT ((. != __cy_interrupt_vector), No interrupt vector)
                0x00000001                ASSERT (CY_APPL_ORIGIN?(SIZEOF (.cybootloader) <= CY_APPL_ORIGIN):0x1, Wrong image location)
                0x00000010                PROVIDE (__cy_reset, Reset)
 *(.text.Reset)
 .text.Reset    0x00000010       0x18 .\CortexM3\ARM_GCC_541\Debug\Cm3Start.o
                0x00000010                Reset
                0x00000001                ASSERT ((. != __cy_reset), No reset code)
 *(.dma_init)
                0x00000001                ASSERT ((((appl_start + .) <= 0x10000) || 0x1), DMA Init must be within the first 64k of flash)
 *(.text .text.* .gnu.linkonce.t.*)
 .text          0x00000028       0x5c c:/program files (x86)/cypress/psoc creator/4.4/psoc creator/import/gnu/arm/5.4.1/bin/../lib/gcc/arm-none-eabi/5.4.1/armv7-m/crtbegin.o
 .text.ISR2_systick_handler
                0x00000084        0xc .\CortexM3\ARM_GCC_541\Debug\main.o
                0x00000084                ISR2_systick_handler
 .text.systick_handler
                0x00000090       0x98 .\CortexM3\ARM_GCC_541\Debug\main.o
                0x00000090                systick_handler
 .text.main     0x00000128       0x28 .\CortexM3\ARM_GCC_541\Debug\main.o
                0x00000128                main
 .text.Functsk_init
                0x00000150       0x6c .\CortexM3\ARM_GCC_541\Debug\main.o
                0x00000150                Functsk_init
 .text.Functsk_background
                0x000001bc        0xc .\CortexM3\ARM_GCC_541\Debug\main.o
                0x000001bc                Functsk_background
 .text.ISR2_isr_Button
                0x000001c8        0x8 .\CortexM3\ARM_GCC_541\Debug\main.o
                0x000001c8                ISR2_isr_Button
 .text.isr_Button
                0x000001d0       0x98 .\CortexM3\ARM_GCC_541\Debug\main.o
                0x000001d0                isr_Button
 .text.BRAKELIGHT_CONTROL_setBrakeLight_run
                0x00000268       0x58 .\CortexM3\ARM_GCC_541\Debug\swc_brakelight_control.o
                0x00000268                BRAKELIGHT_CONTROL_setBrakeLight_run
 .text.CALC_CONTROL_Calccontrol_calcControl_run
                0x000002c0       0x68 .\CortexM3\ARM_GCC_541\Debug\swc_calc_control.o
                0x000002c0                CALC_CONTROL_Calccontrol_calcControl_run
 .text.ENGINE_CONTROL_Engine_Control_setEngine_run
                0x00000328       0x80 .\CortexM3\ARM_GCC_541\Debug\swc_engine_control.o
                0x00000328                ENGINE_CONTROL_Engine_Control_setEngine_run
 .text.JOYSTICK_Joystick_readJoystick_run
                0x000003a8       0xa8 .\CortexM3\ARM_GCC_541\Debug\swc_joystick.o
                0x000003a8                JOYSTICK_Joystick_readJoystick_run
 .text.Functsk_Control
                0x00000450       0x2c .\CortexM3\ARM_GCC_541\Debug\tsk_control.o
                0x00000450                Functsk_Control
 .text.Functsk_IO
                0x0000047c       0x2c .\CortexM3\ARM_GCC_541\Debug\tsk_io.o
                0x0000047c                Functsk_IO
 .text.Functsk_Brakelight
                0x000004a8       0x2c .\CortexM3\ARM_GCC_541\Debug\tsk_brakelight.o
                0x000004a8                Functsk_Brakelight
 .text.LED_RGB_Set
                0x000004d4       0x14 .\CortexM3\ARM_GCC_541\Debug\led.o
                0x000004d4                LED_RGB_Set
 .text.WD_Start
                0x000004e8       0x30 .\CortexM3\ARM_GCC_541\Debug\watchdog.o
                0x000004e8                WD_Start
 .text.WD_trigger
                0x00000518       0x1c .\CortexM3\ARM_GCC_541\Debug\watchdog.o
                0x00000518                WD_trigger
 .text.WD_Alive
                0x00000534       0x18 .\CortexM3\ARM_GCC_541\Debug\watchdog.o
                0x00000534                WD_Alive
 .text.WD_CheckResetBit
                0x0000054c       0x18 .\CortexM3\ARM_GCC_541\Debug\watchdog.o
                0x0000054c                WD_CheckResetBit
 .text.RTE_ProcessCyclicTable
                0x00000564       0x30 .\CortexM3\ARM_GCC_541\Debug\rte.o
                0x00000564                RTE_ProcessCyclicTable
 .text.RTE_ProcessEventTable
                0x00000594       0x28 .\CortexM3\ARM_GCC_541\Debug\rte.o
                0x00000594                RTE_ProcessEventTable
 .text.SC_JOYSTICK_driverIn
                0x000005bc       0x28 .\CortexM3\ARM_GCC_541\Debug\sc_joystick_type.o
                0x000005bc                SC_JOYSTICK_driverIn
 .text.SC_SPEED_driverOut
                0x000005e4       0x30 .\CortexM3\ARM_GCC_541\Debug\sc_speed_type.o
                0x000005e4                SC_SPEED_driverOut
 .text.JOYSTICK_Init
                0x00000614       0x10 .\CortexM3\ARM_GCC_541\Debug\joystick.o
                0x00000614                JOYSTICK_Init
 .text.JOYSTICK_ReadPosition
                0x00000624       0x3c .\CortexM3\ARM_GCC_541\Debug\joystick.o
                0x00000624                JOYSTICK_ReadPosition
 .text.CyClockStartupError
                0x00000660        0x4 .\CortexM3\ARM_GCC_541\Debug\cyfitter_cfg.o
 .text.cfg_write_bytes32
                0x00000664       0x34 .\CortexM3\ARM_GCC_541\Debug\cyfitter_cfg.o
 .text.CYMEMZERO
                0x00000698        0xc .\CortexM3\ARM_GCC_541\Debug\cyfitter_cfg.o
 .text.ClockSetup
                0x000006a4       0xd0 .\CortexM3\ARM_GCC_541\Debug\cyfitter_cfg.o
 .text.AnalogSetDefault
                0x00000774       0x7c .\CortexM3\ARM_GCC_541\Debug\cyfitter_cfg.o
 .text.CYCONFIGCPY
                0x000007f0        0x8 .\CortexM3\ARM_GCC_541\Debug\cyfitter_cfg.o
 .text.cyfitter_cfg
                0x000007f8      0x140 .\CortexM3\ARM_GCC_541\Debug\cyfitter_cfg.o
                0x000007f8                cyfitter_cfg
 .text.IntDefaultHandler
                0x00000938       0x10 .\CortexM3\ARM_GCC_541\Debug\Cm3Start.o
                0x00000938                IntDefaultHandler
 .text.Start_c  0x00000948       0x4c .\CortexM3\ARM_GCC_541\Debug\Cm3Start.o
                0x00000948                Start_c
 .text.initialize_psoc
                0x00000994       0x6c .\CortexM3\ARM_GCC_541\Debug\Cm3Start.o
                0x00000994                initialize_psoc
 .text.CyDmacConfigure
                0x00000a00       0x34 .\CortexM3\ARM_GCC_541\Debug\Electronic Gaspedal.a(CyDmac.o)
                0x00000a00                CyDmacConfigure
 .text.CyDmaChEnable
                0x00000a34       0x38 .\CortexM3\ARM_GCC_541\Debug\Electronic Gaspedal.a(CyDmac.o)
                0x00000a34                CyDmaChEnable
 .text.CyDmaClearPendingDrq
                0x00000a6c       0x28 .\CortexM3\ARM_GCC_541\Debug\Electronic Gaspedal.a(CyDmac.o)
                0x00000a6c                CyDmaClearPendingDrq
 .text.CyDmaChPriority
                0x00000a94       0x24 .\CortexM3\ARM_GCC_541\Debug\Electronic Gaspedal.a(CyDmac.o)
                0x00000a94                CyDmaChPriority
 .text.CyDmaChSetExtendedAddress
                0x00000ab8       0x34 .\CortexM3\ARM_GCC_541\Debug\Electronic Gaspedal.a(CyDmac.o)
                0x00000ab8                CyDmaChSetExtendedAddress
 .text.CyDmaChSetInitialTd
                0x00000aec       0x18 .\CortexM3\ARM_GCC_541\Debug\Electronic Gaspedal.a(CyDmac.o)
                0x00000aec                CyDmaChSetInitialTd
 .text.CyDmaChSetConfiguration
                0x00000b04       0x44 .\CortexM3\ARM_GCC_541\Debug\Electronic Gaspedal.a(CyDmac.o)
                0x00000b04                CyDmaChSetConfiguration
 .text.CyDmaTdAllocate
                0x00000b48       0x34 .\CortexM3\ARM_GCC_541\Debug\Electronic Gaspedal.a(CyDmac.o)
                0x00000b48                CyDmaTdAllocate
 .text.CyDmaTdSetConfiguration
                0x00000b7c       0x28 .\CortexM3\ARM_GCC_541\Debug\Electronic Gaspedal.a(CyDmac.o)
                0x00000b7c                CyDmaTdSetConfiguration
 .text.CyDmaTdSetAddress
                0x00000ba4       0x1c .\CortexM3\ARM_GCC_541\Debug\Electronic Gaspedal.a(CyDmac.o)
                0x00000ba4                CyDmaTdSetAddress
 .text.CyHalt   0x00000bc0        0x4 .\CortexM3\ARM_GCC_541\Debug\Electronic Gaspedal.a(CyLib.o)
                0x00000bc0                CyHalt
 .text.CyDelayUs
                0x00000bc4       0x14 .\CortexM3\ARM_GCC_541\Debug\Electronic Gaspedal.a(CyLib.o)
                0x00000bc4                CyDelayUs
 .text.CyIntSetPriority
                0x00000bd8       0x30 .\CortexM3\ARM_GCC_541\Debug\Electronic Gaspedal.a(CyLib.o)
                0x00000bd8                CyIntSetPriority
 .text.EE_oo_ActivateTask
                0x00000c08       0xe8 .\CortexM3\ARM_GCC_541\Debug\Electronic Gaspedal.a(ErikaOS_ee_activate.o)
                0x00000c08                EE_oo_ActivateTask
 .text.EE_oo_SetRelAlarm
                0x00000cf0       0x80 .\CortexM3\ARM_GCC_541\Debug\Electronic Gaspedal.a(ErikaOS_ee_alsetrel.o)
                0x00000cf0                EE_oo_SetRelAlarm
 .text.EE_oo_handle_action_callback
                0x00000d70        0xc .\CortexM3\ARM_GCC_541\Debug\Electronic Gaspedal.a(ErikaOS_ee_altick.o)
 .text.EE_oo_handle_action_task
                0x00000d7c       0x4c .\CortexM3\ARM_GCC_541\Debug\Electronic Gaspedal.a(ErikaOS_ee_altick.o)
 .text.EE_oo_handle_action_event
                0x00000dc8       0x60 .\CortexM3\ARM_GCC_541\Debug\Electronic Gaspedal.a(ErikaOS_ee_altick.o)
 .text.EE_oo_handle_action
                0x00000e28       0x28 .\CortexM3\ARM_GCC_541\Debug\Electronic Gaspedal.a(ErikaOS_ee_altick.o)
 .text.EE_oo_counter_object_insert
                0x00000e50       0x9c .\CortexM3\ARM_GCC_541\Debug\Electronic Gaspedal.a(ErikaOS_ee_altick.o)
                0x00000e50                EE_oo_counter_object_insert
 .text.EE_oo_IncrementCounterImplementation
                0x00000eec      0x100 .\CortexM3\ARM_GCC_541\Debug\Electronic Gaspedal.a(ErikaOS_ee_altick.o)
                0x00000eec                EE_oo_IncrementCounterImplementation
 .text.EE_oo_IncrementCounter
                0x00000fec       0xb0 .\CortexM3\ARM_GCC_541\Debug\Electronic Gaspedal.a(ErikaOS_ee_altick.o)
                0x00000fec                EE_oo_IncrementCounter
 .text.EE_oo_ClearEvent
                0x0000109c       0x5c .\CortexM3\ARM_GCC_541\Debug\Electronic Gaspedal.a(ErikaOS_ee_evclear.o)
                0x0000109c                EE_oo_ClearEvent
 .text.EE_oo_GetEvent
                0x000010f8       0x40 .\CortexM3\ARM_GCC_541\Debug\Electronic Gaspedal.a(ErikaOS_ee_evget.o)
                0x000010f8                EE_oo_GetEvent
 .text.EE_oo_SetEvent
                0x00001138      0x100 .\CortexM3\ARM_GCC_541\Debug\Electronic Gaspedal.a(ErikaOS_ee_evset.o)
                0x00001138                EE_oo_SetEvent
 .text.EE_oo_WaitEvent
                0x00001238      0x110 .\CortexM3\ARM_GCC_541\Debug\Electronic Gaspedal.a(ErikaOS_ee_evwait.o)
                0x00001238                EE_oo_WaitEvent
 .text.EE_IRQ_run_next_task
                0x00001348       0x30 .\CortexM3\ARM_GCC_541\Debug\Electronic Gaspedal.a(ErikaOS_ee_irqendin.o)
 .text.EE_IRQ_end_instance
                0x00001378       0x68 .\CortexM3\ARM_GCC_541\Debug\Electronic Gaspedal.a(ErikaOS_ee_irqendin.o)
                0x00001378                EE_IRQ_end_instance
 .text.EE_IRQ_end_post_stub
                0x000013e0       0x14 .\CortexM3\ARM_GCC_541\Debug\Electronic Gaspedal.a(ErikaOS_ee_irqendin.o)
                0x000013e0                EE_IRQ_end_post_stub
 .text.EE_rq2stk_exchange
                0x000013f4       0x88 .\CortexM3\ARM_GCC_541\Debug\Electronic Gaspedal.a(ErikaOS_ee_rq_exchg.o)
                0x000013f4                EE_rq2stk_exchange
 .text.EE_rq_queryfirst
                0x0000147c       0x44 .\CortexM3\ARM_GCC_541\Debug\Electronic Gaspedal.a(ErikaOS_ee_rq_first.o)
                0x0000147c                EE_rq_queryfirst
 .text.EE_rq_insert
                0x000014c0       0x74 .\CortexM3\ARM_GCC_541\Debug\Electronic Gaspedal.a(ErikaOS_ee_rq_inser.o)
                0x000014c0                EE_rq_insert
 .text.compute_task_tid
                0x00001534       0x10 .\CortexM3\ARM_GCC_541\Debug\Electronic Gaspedal.a(ErikaOS_ee_startos.o)
 .text.EE_oo_start_os
                0x00001544        0xc .\CortexM3\ARM_GCC_541\Debug\Electronic Gaspedal.a(ErikaOS_ee_startos.o)
 .text.EE_oo_autostart_tasks
                0x00001550       0x60 .\CortexM3\ARM_GCC_541\Debug\Electronic Gaspedal.a(ErikaOS_ee_startos.o)
 .text.EE_oo_autostart_os
                0x000015b0        0xc .\CortexM3\ARM_GCC_541\Debug\Electronic Gaspedal.a(ErikaOS_ee_startos.o)
 .text.EE_oo_StartOS
                0x000015bc       0x8c .\CortexM3\ARM_GCC_541\Debug\Electronic Gaspedal.a(ErikaOS_ee_startos.o)
                0x000015bc                EE_oo_StartOS
 .text.EE_oo_TerminateTask
                0x00001648       0x3c .\CortexM3\ARM_GCC_541\Debug\Electronic Gaspedal.a(ErikaOS_ee_terminat.o)
                0x00001648                EE_oo_TerminateTask
 .text.EE_system_init
                0x00001684       0x48 .\CortexM3\ARM_GCC_541\Debug\Electronic Gaspedal.a(ErikaOS_cortex_mx_ee_utils.o)
                0x00001684                EE_system_init
 .text.JOYSTICK_ADC_XY_Init
                0x000016cc       0x3c .\CortexM3\ARM_GCC_541\Debug\Electronic Gaspedal.a(JOYSTICK_ADC_XY.o)
                0x000016cc                JOYSTICK_ADC_XY_Init
 .text.JOYSTICK_ADC_XY_Enable
                0x00001708       0xcc .\CortexM3\ARM_GCC_541\Debug\Electronic Gaspedal.a(JOYSTICK_ADC_XY.o)
                0x00001708                JOYSTICK_ADC_XY_Enable
 .text.JOYSTICK_ADC_XY_Start
                0x000017d4       0x28 .\CortexM3\ARM_GCC_541\Debug\Electronic Gaspedal.a(JOYSTICK_ADC_XY.o)
                0x000017d4                JOYSTICK_ADC_XY_Start
 .text.JOYSTICK_ADC_XY_StartConvert
                0x000017fc        0x8 .\CortexM3\ARM_GCC_541\Debug\Electronic Gaspedal.a(JOYSTICK_ADC_XY.o)
                0x000017fc                JOYSTICK_ADC_XY_StartConvert
 .text.JOYSTICK_ADC_XY_IsEndConversion
                0x00001804       0x18 .\CortexM3\ARM_GCC_541\Debug\Electronic Gaspedal.a(JOYSTICK_ADC_XY.o)
                0x00001804                JOYSTICK_ADC_XY_IsEndConversion
 .text.JOYSTICK_ADC_XY_GetResult16
                0x0000181c       0x1c .\CortexM3\ARM_GCC_541\Debug\Electronic Gaspedal.a(JOYSTICK_ADC_XY.o)
                0x0000181c                JOYSTICK_ADC_XY_GetResult16
 .text.JOYSTICK_ADC_XY_ISR
                0x00001838        0x4 .\CortexM3\ARM_GCC_541\Debug\Electronic Gaspedal.a(JOYSTICK_ADC_XY_INT.o)
                0x00001838                JOYSTICK_ADC_XY_ISR
 .text.JOYSTICK_ADC_XY_SAR_CalcGain
                0x0000183c       0x64 .\CortexM3\ARM_GCC_541\Debug\Electronic Gaspedal.a(JOYSTICK_ADC_XY_SAR.o)
 .text.JOYSTICK_ADC_XY_SAR_Enable
                0x000018a0       0x78 .\CortexM3\ARM_GCC_541\Debug\Electronic Gaspedal.a(JOYSTICK_ADC_XY_SAR.o)
                0x000018a0                JOYSTICK_ADC_XY_SAR_Enable
 .text.JOYSTICK_ADC_XY_SAR_SetResolution
                0x00001918       0x38 .\CortexM3\ARM_GCC_541\Debug\Electronic Gaspedal.a(JOYSTICK_ADC_XY_SAR.o)
                0x00001918                JOYSTICK_ADC_XY_SAR_SetResolution
 .text.JOYSTICK_ADC_XY_SAR_Init
                0x00001950       0x24 .\CortexM3\ARM_GCC_541\Debug\Electronic Gaspedal.a(JOYSTICK_ADC_XY_SAR.o)
                0x00001950                JOYSTICK_ADC_XY_SAR_Init
 .text.JOYSTICK_ADC_XY_SAR_Start
                0x00001974       0x1c .\CortexM3\ARM_GCC_541\Debug\Electronic Gaspedal.a(JOYSTICK_ADC_XY_SAR.o)
                0x00001974                JOYSTICK_ADC_XY_SAR_Start
 .text.JOYSTICK_ADC_XY_SAR_StartConvert
                0x00001990       0x10 .\CortexM3\ARM_GCC_541\Debug\Electronic Gaspedal.a(JOYSTICK_ADC_XY_SAR.o)
                0x00001990                JOYSTICK_ADC_XY_SAR_StartConvert
 .text.JOYSTICK_ADC_XY_TempBuf_DmaInitialize
                0x000019a0       0x3c .\CortexM3\ARM_GCC_541\Debug\Electronic Gaspedal.a(JOYSTICK_ADC_XY_TempBuf_dma.o)
                0x000019a0                JOYSTICK_ADC_XY_TempBuf_DmaInitialize
 .text.JOYSTICK_ADC_XY_FinalBuf_DmaInitialize
                0x000019dc       0x3c .\CortexM3\ARM_GCC_541\Debug\Electronic Gaspedal.a(JOYSTICK_ADC_XY_FinalBuf_dma.o)
                0x000019dc                JOYSTICK_ADC_XY_FinalBuf_DmaInitialize
 .text.JOYSTICK_ADC_XY_IRQ_SetVector
                0x00001a18        0xc .\CortexM3\ARM_GCC_541\Debug\Electronic Gaspedal.a(JOYSTICK_ADC_XY_IRQ.o)
                0x00001a18                JOYSTICK_ADC_XY_IRQ_SetVector
 .text.JOYSTICK_ADC_XY_IRQ_SetPriority
                0x00001a24       0x10 .\CortexM3\ARM_GCC_541\Debug\Electronic Gaspedal.a(JOYSTICK_ADC_XY_IRQ.o)
                0x00001a24                JOYSTICK_ADC_XY_IRQ_SetPriority
 .text.UART_LOG_Init
                0x00001a34       0x28 .\CortexM3\ARM_GCC_541\Debug\Electronic Gaspedal.a(UART_LOG.o)
                0x00001a34                UART_LOG_Init
 .text.UART_LOG_Enable
                0x00001a5c       0x38 .\CortexM3\ARM_GCC_541\Debug\Electronic Gaspedal.a(UART_LOG.o)
                0x00001a5c                UART_LOG_Enable
 .text.UART_LOG_Start
                0x00001a94       0x1c .\CortexM3\ARM_GCC_541\Debug\Electronic Gaspedal.a(UART_LOG.o)
                0x00001a94                UART_LOG_Start
 .text.UART_LOG_PutChar
                0x00001ab0       0x18 .\CortexM3\ARM_GCC_541\Debug\Electronic Gaspedal.a(UART_LOG.o)
                0x00001ab0                UART_LOG_PutChar
 .text.UART_LOG_PutString
                0x00001ac8       0x24 .\CortexM3\ARM_GCC_541\Debug\Electronic Gaspedal.a(UART_LOG.o)
                0x00001ac8                UART_LOG_PutString
 .text.UART_LOG_IntClock_Start
                0x00001aec       0x1c .\CortexM3\ARM_GCC_541\Debug\Electronic Gaspedal.a(UART_LOG_IntClock.o)
                0x00001aec                UART_LOG_IntClock_Start
 .text.RGB_PWM_green_Enable
                0x00001b08       0x10 .\CortexM3\ARM_GCC_541\Debug\Electronic Gaspedal.a(RGB_PWM_green.o)
                0x00001b08                RGB_PWM_green_Enable
 .text.RGB_PWM_green_WriteCounter
                0x00001b18        0xc .\CortexM3\ARM_GCC_541\Debug\Electronic Gaspedal.a(RGB_PWM_green.o)
                0x00001b18                RGB_PWM_green_WriteCounter
 .text.RGB_PWM_green_WritePeriod
                0x00001b24        0xc .\CortexM3\ARM_GCC_541\Debug\Electronic Gaspedal.a(RGB_PWM_green.o)
                0x00001b24                RGB_PWM_green_WritePeriod
 .text.RGB_PWM_green_WriteCompare
                0x00001b30        0xc .\CortexM3\ARM_GCC_541\Debug\Electronic Gaspedal.a(RGB_PWM_green.o)
                0x00001b30                RGB_PWM_green_WriteCompare
 .text.RGB_PWM_green_SetInterruptMode
                0x00001b3c        0xc .\CortexM3\ARM_GCC_541\Debug\Electronic Gaspedal.a(RGB_PWM_green.o)
                0x00001b3c                RGB_PWM_green_SetInterruptMode
 .text.RGB_PWM_green_ReadStatusRegister
                0x00001b48        0xc .\CortexM3\ARM_GCC_541\Debug\Electronic Gaspedal.a(RGB_PWM_green.o)
                0x00001b48                RGB_PWM_green_ReadStatusRegister
 .text.RGB_PWM_green_ReadCapture
                0x00001b54        0xc .\CortexM3\ARM_GCC_541\Debug\Electronic Gaspedal.a(RGB_PWM_green.o)
                0x00001b54                RGB_PWM_green_ReadCapture
 .text.RGB_PWM_green_ClearFIFO
                0x00001b60       0x14 .\CortexM3\ARM_GCC_541\Debug\Electronic Gaspedal.a(RGB_PWM_green.o)
                0x00001b60                RGB_PWM_green_ClearFIFO
 .text.RGB_PWM_green_Init
                0x00001b74       0x50 .\CortexM3\ARM_GCC_541\Debug\Electronic Gaspedal.a(RGB_PWM_green.o)
                0x00001b74                RGB_PWM_green_Init
 .text.RGB_PWM_green_Start
                0x00001bc4       0x1c .\CortexM3\ARM_GCC_541\Debug\Electronic Gaspedal.a(RGB_PWM_green.o)
                0x00001bc4                RGB_PWM_green_Start
 .text.redLED_Write
                0x00001be0       0x18 .\CortexM3\ARM_GCC_541\Debug\Electronic Gaspedal.a(redLED.o)
                0x00001be0                redLED_Write
 .text.Pin_Button1_Read
                0x00001bf8       0x10 .\CortexM3\ARM_GCC_541\Debug\Electronic Gaspedal.a(Pin_Button1.o)
                0x00001bf8                Pin_Button1_Read
 .text          0x00001c08       0x20 .\CortexM3\ARM_GCC_541\Debug\Electronic Gaspedal.a(CyBootAsmGnu.o)
                0x00001c08                CyDelayCycles
                0x00001c18                CyEnterCriticalSection
                0x00001c20                CyExitCriticalSection
 .text          0x00001c28       0x7c .\CortexM3\ARM_GCC_541\Debug\Electronic Gaspedal.a(ErikaOS_ee_gnu_change_context_isr.o)
                0x00001c28                EE_set_switch_context_pri
                0x00001c42                EE_switch_context
                0x00001c4c                EE_cortex_mx_pendsv_ISR
                0x00001c88                EE_cortex_mx_svc_ISR
 .text          0x00001ca4       0x24 .\CortexM3\ARM_GCC_541\Debug\Electronic Gaspedal.a(ErikaOS_ee_gnu_irq_stack.o)
                0x00001ca4                EE_cortex_mx_change_IRQ_stack
                0x00001cb6                EE_cortex_mx_change_IRQ_stack_back
 .text          0x00001cc8       0x68 .\CortexM3\ARM_GCC_541\Debug\Electronic Gaspedal.a(ErikaOS_ee_gnu_multi_context.o)
                0x00001cc8                EE_cortex_mx_change_context
 .text          0x00001d30       0x80 .\CortexM3\ARM_GCC_541\Debug\Electronic Gaspedal.a(ErikaOS_ee_gnu_oo.o)
                0x00001d30                EE_hal_terminate_savestk
                0x00001d7a                EE_hal_terminate_task
 .text.EE_thread_not_terminated
                0x00001db0       0x10 .\CortexM3\ARM_GCC_541\Debug\Electronic Gaspedal.a(ErikaOS_ee_tnterm.o)
                0x00001db0                EE_thread_not_terminated
 .text.EE_oo_thread_stub
                0x00001dc0       0x10 .\CortexM3\ARM_GCC_541\Debug\Electronic Gaspedal.a(ErikaOS_ee_tstub.o)
                0x00001dc0                EE_oo_thread_stub
 .text.EE_std_run_task_code
                0x00001dd0       0x18 .\CortexM3\ARM_GCC_541\Debug\Electronic Gaspedal.a(ErikaOS_cortex_mx_ee_context.o)
                0x00001dd0                EE_std_run_task_code
 .text.EE_std_need_context_change
                0x00001de8       0x28 .\CortexM3\ARM_GCC_541\Debug\Electronic Gaspedal.a(ErikaOS_cortex_mx_ee_context.o)
                0x00001de8                EE_std_need_context_change
 .text.EE_thread_rnact_max
                0x00001e10       0x20 .\CortexM3\ARM_GCC_541\Debug\Electronic Gaspedal.a(ErikaOS_ee_thendin.o)
 .text.EE_thread_endcycle_next
                0x00001e30       0x30 .\CortexM3\ARM_GCC_541\Debug\Electronic Gaspedal.a(ErikaOS_ee_thendin.o)
 .text.EE_thread_end_instance
                0x00001e60      0x108 .\CortexM3\ARM_GCC_541\Debug\Electronic Gaspedal.a(ErikaOS_ee_thendin.o)
                0x00001e60                EE_thread_end_instance
 .text.__errno  0x00001f68        0xc c:/program files (x86)/cypress/psoc creator/4.4/psoc creator/import/gnu/arm/5.4.1/bin/../lib/gcc/arm-none-eabi/5.4.1/../../../../arm-none-eabi/lib/armv7-m\libg_nano.a(lib_a-errno.o)
                0x00001f68                __errno
 .text.__libc_init_array
                0x00001f74       0x4c c:/program files (x86)/cypress/psoc creator/4.4/psoc creator/import/gnu/arm/5.4.1/bin/../lib/gcc/arm-none-eabi/5.4.1/../../../../arm-none-eabi/lib/armv7-m\libg_nano.a(lib_a-init.o)
                0x00001f74                __libc_init_array
 .text.memcpy   0x00001fc0       0x16 c:/program files (x86)/cypress/psoc creator/4.4/psoc creator/import/gnu/arm/5.4.1/bin/../lib/gcc/arm-none-eabi/5.4.1/../../../../arm-none-eabi/lib/armv7-m\libg_nano.a(lib_a-memcpy-stub.o)
                0x00001fc0                memcpy
 .text.memset   0x00001fd6       0x10 c:/program files (x86)/cypress/psoc creator/4.4/psoc creator/import/gnu/arm/5.4.1/bin/../lib/gcc/arm-none-eabi/5.4.1/../../../../arm-none-eabi/lib/armv7-m\libg_nano.a(lib_a-memset.o)
                0x00001fd6                memset
 *(.plt)
 *(.gnu.warning)
 *(.glue_7t)
 .glue_7t       0x00001fe6        0x0 linker stubs
 *(.glue_7)
 .glue_7        0x00001fe6        0x0 linker stubs
 *(.vfp11_veneer)
 .vfp11_veneer  0x00001fe6        0x0 linker stubs
 *(.bootloader)
 *(.ARM.extab* .gnu.linkonce.armextab.*)
 *(.gcc_except_table)

.v4_bx          0x00001fe8        0x0
 .v4_bx         0x00001fe8        0x0 linker stubs

.iplt           0x00001fe8        0x0
 .iplt          0x00001fe8        0x0 c:/program files (x86)/cypress/psoc creator/4.4/psoc creator/import/gnu/arm/5.4.1/bin/../lib/gcc/arm-none-eabi/5.4.1/armv7-m/crtbegin.o

.eh_frame_hdr
 *(.eh_frame_hdr)

.eh_frame       0x00001fe8        0x4
 *(.eh_frame)
 .eh_frame      0x00001fe8        0x0 c:/program files (x86)/cypress/psoc creator/4.4/psoc creator/import/gnu/arm/5.4.1/bin/../lib/gcc/arm-none-eabi/5.4.1/armv7-m/crtbegin.o
 .eh_frame      0x00001fe8        0x4 c:/program files (x86)/cypress/psoc creator/4.4/psoc creator/import/gnu/arm/5.4.1/bin/../lib/gcc/arm-none-eabi/5.4.1/armv7-m/crtend.o
                [!provide]                PROVIDE (__exidx_start, .)

.ARM.exidx
 *(.ARM.exidx* .gnu.linkonce.armexidx.*)
                0x00001fec                __exidx_end = .

.rodata         0x00001fec      0x644
 *(.rodata .rodata.* .gnu.linkonce.r.*)
 .rodata.str1.4
                0x00001fec       0x3c .\CortexM3\ARM_GCC_541\Debug\main.o
 .rodata.str1.4
                0x00002028       0x50 .\CortexM3\ARM_GCC_541\Debug\swc_engine_control.o
 .rodata.str1.4
                0x00002078       0x1d .\CortexM3\ARM_GCC_541\Debug\swc_joystick.o
 *fill*         0x00002095        0x3 
 .rodata        0x00002098        0xa .\CortexM3\ARM_GCC_541\Debug\tsk_control.o
                0x00002098                RTE_eventActivationTable_tsk_control
                0x000020a0                RTE_eventActivation_tsk_control_size
 *fill*         0x000020a2        0x2 
 .rodata        0x000020a4       0x12 .\CortexM3\ARM_GCC_541\Debug\tsk_io.o
                0x000020a4                RTE_cyclicActivationTable_tsk_io
                0x000020b4                RTE_cyclicActivation_tsk_io_size
 *fill*         0x000020b6        0x2 
 .rodata        0x000020b8        0xa .\CortexM3\ARM_GCC_541\Debug\tsk_brakelight.o
                0x000020b8                RTE_eventActivationTable_tsk_brakelight
                0x000020c0                RTE_eventActivation_tsk_brakelight_size
 *fill*         0x000020c2        0x2 
 .rodata        0x000020c4      0x200 .\CortexM3\ARM_GCC_541\Debug\led.o
 .rodata        0x000022c4       0xa8 .\CortexM3\ARM_GCC_541\Debug\sp_signalpool.o
                0x0000233c                so_joystick_updTasks
                0x00002368                so_speed_updTasks
 .rodata        0x0000236c       0x3a .\CortexM3\ARM_GCC_541\Debug\cyfitter_cfg.o
 *fill*         0x000023a6        0x2 
 .rodata        0x000023a8      0x100 .\CortexM3\ARM_GCC_541\Debug\Electronic Gaspedal.a(ErikaOS_ee_lookup.o)
                0x000023a8                EE_rq_lookup
 .rodata        0x000024a8       0xd8 .\CortexM3\ARM_GCC_541\Debug\Electronic Gaspedal.a(ErikaOS_eecfg.o)
                0x000024a8                EE_oo_autostart_task_data
                0x000024b4                EE_oo_action_ROM
                0x000024c8                EE_oo_counter_object_ROM
                0x000024d4                EE_ALARM_ID
                0x000024d8                EE_alarm_ROM
                0x000024dc                EE_counter_ROM
                0x000024e8                EE_th_is_extended
                0x000024fc                EE_th_rnact_max
                0x00002510                EE_th_dispatch_prio
                0x00002524                EE_EVENT_ID
                0x0000252c                EE_th_ready_prio
                0x00002540                EE_terminate_real_th_body
                0x00002554                EE_hal_thread_body
                0x00002568                EE_std_thread_tos
 .rodata.str1.4
                0x00002580       0x78 .\CortexM3\ARM_GCC_541\Debug\Electronic Gaspedal.a(ErikaOS_eecfg.o)
                                 0x77 (size before relaxing)
 .rodata.str1.1
                0x000025f8        0x2 c:/program files (x86)/cypress/psoc creator/4.4/psoc creator/import/gnu/arm/5.4.1/bin/../lib/gcc/arm-none-eabi/5.4.1/../../../../arm-none-eabi/lib/armv7-m\libg_nano.a(lib_a-impure.o)
                0x000025fc                . = ALIGN (0x4)
 *fill*         0x000025fa        0x2 
 *(.init)
 .init          0x000025fc        0x4 c:/program files (x86)/cypress/psoc creator/4.4/psoc creator/import/gnu/arm/5.4.1/bin/../lib/gcc/arm-none-eabi/5.4.1/armv7-m/crti.o
                0x000025fc                _init
 .init          0x00002600        0x8 c:/program files (x86)/cypress/psoc creator/4.4/psoc creator/import/gnu/arm/5.4.1/bin/../lib/gcc/arm-none-eabi/5.4.1/armv7-m/crtn.o
                0x00002608                . = ALIGN (0x4)
                0x00002608                __preinit_array_start = .
 *(.preinit_array)
                0x00002608                __preinit_array_end = .
                0x00002608                . = ALIGN (0x4)
                0x00002608                __init_array_start = .
 *(SORT(.init_array.*))
 *(.init_array)
 .init_array    0x00002608        0x4 c:/program files (x86)/cypress/psoc creator/4.4/psoc creator/import/gnu/arm/5.4.1/bin/../lib/gcc/arm-none-eabi/5.4.1/armv7-m/crtbegin.o
 .init_array    0x0000260c        0x4 .\CortexM3\ARM_GCC_541\Debug\Cm3Start.o
                0x00002610                __init_array_end = .
                0x00002610                . = ALIGN (0x4)
 *(.fini)
 .fini          0x00002610        0x4 c:/program files (x86)/cypress/psoc creator/4.4/psoc creator/import/gnu/arm/5.4.1/bin/../lib/gcc/arm-none-eabi/5.4.1/armv7-m/crti.o
                0x00002610                _fini
 .fini          0x00002614        0x8 c:/program files (x86)/cypress/psoc creator/4.4/psoc creator/import/gnu/arm/5.4.1/bin/../lib/gcc/arm-none-eabi/5.4.1/armv7-m/crtn.o
                0x0000261c                . = ALIGN (0x4)
                0x0000261c                __fini_array_start = .
 *(.fini_array)
 .fini_array    0x0000261c        0x4 c:/program files (x86)/cypress/psoc creator/4.4/psoc creator/import/gnu/arm/5.4.1/bin/../lib/gcc/arm-none-eabi/5.4.1/armv7-m/crtbegin.o
 *(SORT(.fini_array.*))
                0x00002620                __fini_array_end = .
                0x00002620                . = ALIGN (0x4)
 *crtbegin.o(.ctors)
 *(EXCLUDE_FILE(*crtend.o) .ctors)
 *(SORT(.ctors.*))
 *crtend.o(.ctors)
                0x00002620                . = ALIGN (0x4)
 *crtbegin.o(.dtors)
 *(EXCLUDE_FILE(*crtend.o) .dtors)
 *(SORT(.dtors.*))
 *crtend.o(.dtors)
                0x00002620                . = ALIGN (0x4)
                0x00002620                __cy_regions = .
                0x00002620        0x4 LONG 0x2630 __cy_region_init_ram
                0x00002624        0x4 LONG 0x1fff80c8 __cy_region_start_data
                0x00002628        0x4 LONG 0x1f8 __cy_region_init_size_ram
                0x0000262c        0x4 LONG 0xab0 __cy_region_zero_size_ram
                0x00002630                __cy_regions_end = .
                0x00002630                . = ALIGN (0x8)
                0x00002630                _etext = .

.cy_checksum_exclude
                0x00002630        0x0
 *(.cy_checksum_exclude)

.ramvectors     0x1fff8000       0xc0
                0x1fff8000                __cy_region_start_ram = .
 *(.ramvectors)
 .ramvectors    0x1fff8000       0xc0 .\CortexM3\ARM_GCC_541\Debug\Cm3Start.o
                0x1fff8000                CyRamVectors

.noinit         0x1fff80c0        0x1
 *(.noinit)
 .noinit        0x1fff80c0        0x1 .\CortexM3\ARM_GCC_541\Debug\Electronic Gaspedal.a(CyLib.o)
                0x1fff80c0                CyResetStatus

.data           0x1fff80c8      0x1f8 load address 0x00002630
                0x1fff80c8                __cy_region_start_data = .
 *(.jcr)
 .jcr           0x1fff80c8        0x0 c:/program files (x86)/cypress/psoc creator/4.4/psoc creator/import/gnu/arm/5.4.1/bin/../lib/gcc/arm-none-eabi/5.4.1/armv7-m/crtbegin.o
 .jcr           0x1fff80c8        0x4 c:/program files (x86)/cypress/psoc creator/4.4/psoc creator/import/gnu/arm/5.4.1/bin/../lib/gcc/arm-none-eabi/5.4.1/armv7-m/crtend.o
 *(.got.plt)
 *(.got)
 *(.shdata)
 *(.data .data.* .gnu.linkonce.d.*)
 .data          0x1fff80cc       0x3c .\CortexM3\ARM_GCC_541\Debug\sp_signalpool.o
                0x1fff80cc                SO_SPEED_signal
                0x1fff80dc                SO_JOYSTICK_signal
                0x1fff80e8                SO_ENGINESIGNAL_signal
                0x1fff80f8                SO_BRAKELIGHT_signal
 .data          0x1fff8108        0x8 .\CortexM3\ARM_GCC_541\Debug\Electronic Gaspedal.a(CyDmac.o)
 .data          0x1fff8110       0x10 .\CortexM3\ARM_GCC_541\Debug\Electronic Gaspedal.a(CyLib.o)
                0x1fff8110                cydelay_32k_ms
                0x1fff8114                cydelay_freq_khz
                0x1fff8118                cydelay_freq_mhz
                0x1fff811c                cydelay_freq_hz
 .data          0x1fff8120      0x134 .\CortexM3\ARM_GCC_541\Debug\Electronic Gaspedal.a(ErikaOS_eecfg.o)
                0x1fff8120                EE_ALARM_NAME
                0x1fff8124                EE_counter_RAM
                0x1fff812c                EE_th_terminate_nextask
                0x1fff8140                EE_rq_pairs_next
                0x1fff8154                EE_rq_link
                0x1fff8168                EE_th_rnact
                0x1fff817c                EE_rq_queues_tail
                0x1fff81bc                EE_rq_queues_head
                0x1fff81fc                EE_stkfirst
                0x1fff8200                EE_th_next
                0x1fff8214                EE_th_status
                0x1fff8228                EE_EVENT_NAME
                0x1fff8230                EE_TASK_NAME
                0x1fff8244                EE_cortex_mx_IRQ_tos
                0x1fff8248                EE_cortex_mx_system_tos
 .data          0x1fff8254        0x2 .\CortexM3\ARM_GCC_541\Debug\Electronic Gaspedal.a(JOYSTICK_ADC_XY.o)
 .data          0x1fff8256        0x1 .\CortexM3\ARM_GCC_541\Debug\Electronic Gaspedal.a(JOYSTICK_ADC_XY_TempBuf_dma.o)
                0x1fff8256                JOYSTICK_ADC_XY_TempBuf_DmaHandle
 .data          0x1fff8257        0x1 .\CortexM3\ARM_GCC_541\Debug\Electronic Gaspedal.a(JOYSTICK_ADC_XY_FinalBuf_dma.o)
                0x1fff8257                JOYSTICK_ADC_XY_FinalBuf_DmaHandle
 .data          0x1fff8258        0x4 .\CortexM3\ARM_GCC_541\Debug\Electronic Gaspedal.a(ErikaOS_ee_gnu_irq_stack.o)
 .data.impure_data
                0x1fff825c       0x60 c:/program files (x86)/cypress/psoc creator/4.4/psoc creator/import/gnu/arm/5.4.1/bin/../lib/gcc/arm-none-eabi/5.4.1/../../../../arm-none-eabi/lib/armv7-m\libg_nano.a(lib_a-impure.o)
 .data._impure_ptr
                0x1fff82bc        0x4 c:/program files (x86)/cypress/psoc creator/4.4/psoc creator/import/gnu/arm/5.4.1/bin/../lib/gcc/arm-none-eabi/5.4.1/../../../../arm-none-eabi/lib/armv7-m\libg_nano.a(lib_a-impure.o)
                0x1fff82bc                _impure_ptr
                0x1fff82c0                . = ALIGN (0x8)
 *(.ram)
                0x1fff82c0                _edata = .

.igot.plt       0x1fff82c0        0x0 load address 0x00002828
 .igot.plt      0x1fff82c0        0x0 c:/program files (x86)/cypress/psoc creator/4.4/psoc creator/import/gnu/arm/5.4.1/bin/../lib/gcc/arm-none-eabi/5.4.1/armv7-m/crtbegin.o

.bss            0x1fff82c0      0xab0 load address 0x00002828
                0x1fff82c0                PROVIDE (__bss_start__, .)
 *(.shbss)
 *(.bss .bss.* .gnu.linkonce.b.*)
 .bss           0x1fff82c0       0x1c c:/program files (x86)/cypress/psoc creator/4.4/psoc creator/import/gnu/arm/5.4.1/bin/../lib/gcc/arm-none-eabi/5.4.1/armv7-m/crtbegin.o
 .bss           0x1fff82dc        0x4 .\CortexM3\ARM_GCC_541\Debug\tsk_io.o
 .bss           0x1fff82e0        0x1 .\CortexM3\ARM_GCC_541\Debug\watchdog.o
 *fill*         0x1fff82e1        0x3 
 .bss           0x1fff82e4       0x4c .\CortexM3\ARM_GCC_541\Debug\Electronic Gaspedal.a(ErikaOS_eecfg.o)
                0x1fff82e4                EE_th_waswaiting
                0x1fff82f8                EE_th_event_waitmask
                0x1fff830c                EE_th_event_active
                0x1fff8320                EE_rq_free
                0x1fff8324                EE_rq_bitmask
                0x1fff8328                EE_sys_ceiling
                0x1fff832c                EE_cortex_mx_active_tos
 .bss           0x1fff8330        0xc .\CortexM3\ARM_GCC_541\Debug\Electronic Gaspedal.a(JOYSTICK_ADC_XY.o)
                0x1fff8338                JOYSTICK_ADC_XY_initVar
 .bss           0x1fff833c        0x1 .\CortexM3\ARM_GCC_541\Debug\Electronic Gaspedal.a(JOYSTICK_ADC_XY_SAR.o)
                0x1fff833c                JOYSTICK_ADC_XY_SAR_initVar
 .bss           0x1fff833d        0x2 .\CortexM3\ARM_GCC_541\Debug\Electronic Gaspedal.a(UART_LOG.o)
                0x1fff833d                UART_LOG_initVar
 .bss           0x1fff833f        0x1 .\CortexM3\ARM_GCC_541\Debug\Electronic Gaspedal.a(RGB_PWM_green.o)
                0x1fff833f                RGB_PWM_green_initVar
 *(COMMON)
 COMMON         0x1fff8340        0x8 .\CortexM3\ARM_GCC_541\Debug\Electronic Gaspedal.a(ErikaOS_ee_lookup.o)
                0x1fff8340                EE_oo_IRQ_disable_count
                0x1fff8344                EE_oo_IRQ_suspend_status
 COMMON         0x1fff8348        0x4 .\CortexM3\ARM_GCC_541\Debug\Electronic Gaspedal.a(ErikaOS_ee_startos.o)
                0x1fff8348                EE_oo_started
 COMMON         0x1fff834c        0x8 .\CortexM3\ARM_GCC_541\Debug\Electronic Gaspedal.a(ErikaOS_common_ee_hal_structs.o)
                0x1fff834c                EE_IRQ_nesting_level
                0x1fff8350                EE_std_endcycle_next_tid
 COMMON         0x1fff8354      0xa0c .\CortexM3\ARM_GCC_541\Debug\Electronic Gaspedal.a(ErikaOS_eecfg.o)
                0x1fff8354                EE_rq_pairs_tid
                0x1fff8368                EE_terminate_data
                0x1fff837c                EE_oo_counter_object_RAM
                0x1fff838c                EE_cortex_mx_stack_5
                0x1fff8774                EE_ApplicationMode
                0x1fff8778                EE_cortex_mx_stack_4
                0x1fff8b60                EE_cortex_mx_stack_9
 COMMON         0x1fff8d60        0x4 .\CortexM3\ARM_GCC_541\Debug\Electronic Gaspedal.a(JOYSTICK_ADC_XY.o)
                0x1fff8d60                JOYSTICK_ADC_XY_finalArray
 COMMON         0x1fff8d64        0xc .\CortexM3\ARM_GCC_541\Debug\Electronic Gaspedal.a(JOYSTICK_ADC_XY_SAR.o)
                0x1fff8d64                JOYSTICK_ADC_XY_SAR_offset
                0x1fff8d66                JOYSTICK_ADC_XY_SAR_countsPerVolt
                0x1fff8d68                JOYSTICK_ADC_XY_SAR_shift
                0x1fff8d6c                JOYSTICK_ADC_XY_SAR_countsPer10Volt
                0x1fff8d70                . = ALIGN (0x8)
 *(.ram.b)
                0x1fff8d70                _end = .
                0x1fff8d70                __end = .
                0x1fff8d70                PROVIDE (end, .)
                0x1fff8d70                PROVIDE (__bss_end__, .)
                0x00002630                __cy_region_init_ram = LOADADDR (.data)
                0x000001f8                __cy_region_init_size_ram = (_edata - ADDR (.data))
                0x00000ab0                __cy_region_zero_size_ram = (_end - _edata)

.heap           0x1fff8d70       0x80 load address 0x00002828
                0x1fff8d70                . = _end
                0x1fff8df0                . = (. + 0x80)
 *fill*         0x1fff8d70       0x80 
                0x1fff8df0                __cy_heap_limit = .

.stack          0x20007800      0x800
                0x20007800                __cy_stack_limit = .
                0x20008000                . = (. + 0x800)
 *fill*         0x20007800      0x800 
                0x00000001                ASSERT ((__cy_stack_limit >= __cy_heap_limit), region RAM overflowed with stack)
                0x00000000                cy_checksum_exclude_size = (CY_APPL_LOADABLE == 0x1)?SIZEOF (.cy_checksum_exclude):0x0
                0x00000001                ASSERT ((cy_checksum_exclude_size <= CY_CHECKSUM_EXCLUDE_SIZE), CY_BOOT: Section .cy_checksum_exclude size exceedes specified limit.)

.cyloadermeta
 *(.cyloadermeta)

.cyloadablemeta
 *(.cyloadablemeta)

.cyconfigecc    0x80000000      0x81c
 *(.cyconfigecc)
 .cyconfigecc   0x80000000      0x81c .\CortexM3\ARM_GCC_541\Debug\cymetadata.o
                0x80000000                cy_meta_configecc

.cycustnvl      0x90000000        0x4
 *(.cycustnvl)
 .cycustnvl     0x90000000        0x4 .\CortexM3\ARM_GCC_541\Debug\cymetadata.o
                0x90000000                cy_meta_custnvl

.cywolatch      0x90100000        0x4
 *(.cywolatch)
 .cywolatch     0x90100000        0x4 .\CortexM3\ARM_GCC_541\Debug\cymetadata.o
                0x90100000                cy_meta_wonvl

.cyeeprom       0x90200000        0x0
 *(.cyeeprom)
                0x00000001                ASSERT ((. <= ((0x90200000 + ee_offset) + ee_size)), .cyeeprom data will not fit in EEPROM)

.cyflashprotect
                0x90400000      0x100
 *(.cyflashprotect)
 .cyflashprotect
                0x90400000      0x100 .\CortexM3\ARM_GCC_541\Debug\cymetadata.o
                0x90400000                cy_meta_flashprotect

.cymeta         0x90500000        0xc
 *(.cymeta)
 .cymeta        0x90500000        0xc .\CortexM3\ARM_GCC_541\Debug\cymetadata.o
                0x90500000                cy_metadata

.rel.dyn        0x00002828        0x0 load address 0x9050000c
 .rel.iplt      0x00002828        0x0 c:/program files (x86)/cypress/psoc creator/4.4/psoc creator/import/gnu/arm/5.4.1/bin/../lib/gcc/arm-none-eabi/5.4.1/armv7-m/crtbegin.o

.stab
 *(.stab)

.stabstr
 *(.stabstr)

.debug
 *(.debug)

.line
 *(.line)

.debug_srcinfo
 *(.debug_srcinfo)

.debug_sfnames
 *(.debug_sfnames)

.debug_aranges  0x00000000     0x1088
 *(.debug_aranges)
 .debug_aranges
                0x00000000       0x58 .\CortexM3\ARM_GCC_541\Debug\main.o
 .debug_aranges
                0x00000058       0x20 .\CortexM3\ARM_GCC_541\Debug\swc_brakelight_control.o
 .debug_aranges
                0x00000078       0x20 .\CortexM3\ARM_GCC_541\Debug\swc_calc_control.o
 .debug_aranges
                0x00000098       0x20 .\CortexM3\ARM_GCC_541\Debug\swc_engine_control.o
 .debug_aranges
                0x000000b8       0x20 .\CortexM3\ARM_GCC_541\Debug\swc_joystick.o
 .debug_aranges
                0x000000d8       0x20 .\CortexM3\ARM_GCC_541\Debug\tsk_control.o
 .debug_aranges
                0x000000f8       0x20 .\CortexM3\ARM_GCC_541\Debug\tsk_io.o
 .debug_aranges
                0x00000118       0x20 .\CortexM3\ARM_GCC_541\Debug\tsk_brakelight.o
 .debug_aranges
                0x00000138       0x38 .\CortexM3\ARM_GCC_541\Debug\led.o
 .debug_aranges
                0x00000170       0x38 .\CortexM3\ARM_GCC_541\Debug\watchdog.o
 .debug_aranges
                0x000001a8       0x28 .\CortexM3\ARM_GCC_541\Debug\rte.o
 .debug_aranges
                0x000001d0       0x20 .\CortexM3\ARM_GCC_541\Debug\sc_joystick_type.o
 .debug_aranges
                0x000001f0       0x20 .\CortexM3\ARM_GCC_541\Debug\sc_speed_type.o
 .debug_aranges
                0x00000210       0x28 .\CortexM3\ARM_GCC_541\Debug\sp_signalpool.o
 .debug_aranges
                0x00000238       0x28 .\CortexM3\ARM_GCC_541\Debug\joystick.o
 .debug_aranges
                0x00000260       0x58 .\CortexM3\ARM_GCC_541\Debug\cyfitter_cfg.o
 .debug_aranges
                0x000002b8       0x18 .\CortexM3\ARM_GCC_541\Debug\cymetadata.o
 .debug_aranges
                0x000002d0       0x48 .\CortexM3\ARM_GCC_541\Debug\Cm3Start.o
 .debug_aranges
                0x00000318       0xd8 .\CortexM3\ARM_GCC_541\Debug\Electronic Gaspedal.a(CyDmac.o)
 .debug_aranges
                0x000003f0      0x2a0 .\CortexM3\ARM_GCC_541\Debug\Electronic Gaspedal.a(CyLib.o)
 .debug_aranges
                0x00000690       0x98 .\CortexM3\ARM_GCC_541\Debug\Electronic Gaspedal.a(cyPm.o)
 .debug_aranges
                0x00000728       0x20 .\CortexM3\ARM_GCC_541\Debug\Electronic Gaspedal.a(ErikaOS_ee_activate.o)
 .debug_aranges
                0x00000748       0x20 .\CortexM3\ARM_GCC_541\Debug\Electronic Gaspedal.a(ErikaOS_ee_alsetrel.o)
 .debug_aranges
                0x00000768       0x58 .\CortexM3\ARM_GCC_541\Debug\Electronic Gaspedal.a(ErikaOS_ee_altick.o)
 .debug_aranges
                0x000007c0       0x20 .\CortexM3\ARM_GCC_541\Debug\Electronic Gaspedal.a(ErikaOS_ee_evclear.o)
 .debug_aranges
                0x000007e0       0x20 .\CortexM3\ARM_GCC_541\Debug\Electronic Gaspedal.a(ErikaOS_ee_evget.o)
 .debug_aranges
                0x00000800       0x20 .\CortexM3\ARM_GCC_541\Debug\Electronic Gaspedal.a(ErikaOS_ee_evset.o)
 .debug_aranges
                0x00000820       0x20 .\CortexM3\ARM_GCC_541\Debug\Electronic Gaspedal.a(ErikaOS_ee_evwait.o)
 .debug_aranges
                0x00000840       0x30 .\CortexM3\ARM_GCC_541\Debug\Electronic Gaspedal.a(ErikaOS_ee_irqendin.o)
 .debug_aranges
                0x00000870       0x18 .\CortexM3\ARM_GCC_541\Debug\Electronic Gaspedal.a(ErikaOS_ee_lookup.o)
 .debug_aranges
                0x00000888       0x20 .\CortexM3\ARM_GCC_541\Debug\Electronic Gaspedal.a(ErikaOS_ee_rq_exchg.o)
 .debug_aranges
                0x000008a8       0x20 .\CortexM3\ARM_GCC_541\Debug\Electronic Gaspedal.a(ErikaOS_ee_rq_first.o)
 .debug_aranges
                0x000008c8       0x20 .\CortexM3\ARM_GCC_541\Debug\Electronic Gaspedal.a(ErikaOS_ee_rq_inser.o)
 .debug_aranges
                0x000008e8       0x40 .\CortexM3\ARM_GCC_541\Debug\Electronic Gaspedal.a(ErikaOS_ee_startos.o)
 .debug_aranges
                0x00000928       0x20 .\CortexM3\ARM_GCC_541\Debug\Electronic Gaspedal.a(ErikaOS_ee_terminat.o)
 .debug_aranges
                0x00000948       0x20 .\CortexM3\ARM_GCC_541\Debug\Electronic Gaspedal.a(ErikaOS_cortex_mx_ee_utils.o)
 .debug_aranges
                0x00000968       0x18 .\CortexM3\ARM_GCC_541\Debug\Electronic Gaspedal.a(ErikaOS_common_ee_hal_structs.o)
 .debug_aranges
                0x00000980       0x18 .\CortexM3\ARM_GCC_541\Debug\Electronic Gaspedal.a(ErikaOS_eecfg.o)
 .debug_aranges
                0x00000998       0xa0 .\CortexM3\ARM_GCC_541\Debug\Electronic Gaspedal.a(JOYSTICK_ADC_XY.o)
 .debug_aranges
                0x00000a38       0x20 .\CortexM3\ARM_GCC_541\Debug\Electronic Gaspedal.a(JOYSTICK_ADC_XY_INT.o)
 .debug_aranges
                0x00000a58       0xa8 .\CortexM3\ARM_GCC_541\Debug\Electronic Gaspedal.a(JOYSTICK_ADC_XY_SAR.o)
 .debug_aranges
                0x00000b00       0x28 .\CortexM3\ARM_GCC_541\Debug\Electronic Gaspedal.a(JOYSTICK_ADC_XY_TempBuf_dma.o)
 .debug_aranges
                0x00000b28       0x28 .\CortexM3\ARM_GCC_541\Debug\Electronic Gaspedal.a(JOYSTICK_ADC_XY_FinalBuf_dma.o)
 .debug_aranges
                0x00000b50       0x80 .\CortexM3\ARM_GCC_541\Debug\Electronic Gaspedal.a(JOYSTICK_ADC_XY_IRQ.o)
 .debug_aranges
                0x00000bd0       0xf0 .\CortexM3\ARM_GCC_541\Debug\Electronic Gaspedal.a(UART_LOG.o)
 .debug_aranges
                0x00000cc0       0x70 .\CortexM3\ARM_GCC_541\Debug\Electronic Gaspedal.a(UART_LOG_IntClock.o)
 .debug_aranges
                0x00000d30       0x98 .\CortexM3\ARM_GCC_541\Debug\Electronic Gaspedal.a(RGB_PWM_green.o)
 .debug_aranges
                0x00000dc8       0x38 .\CortexM3\ARM_GCC_541\Debug\Electronic Gaspedal.a(redLED.o)
 .debug_aranges
                0x00000e00       0x48 .\CortexM3\ARM_GCC_541\Debug\Electronic Gaspedal.a(Pin_Button1.o)
 .debug_aranges
                0x00000e48       0x20 .\CortexM3\ARM_GCC_541\Debug\Electronic Gaspedal.a(CyBootAsmGnu.o)
 .debug_aranges
                0x00000e68       0x20 .\CortexM3\ARM_GCC_541\Debug\Electronic Gaspedal.a(ErikaOS_ee_gnu_change_context_isr.o)
 .debug_aranges
                0x00000e88       0x20 .\CortexM3\ARM_GCC_541\Debug\Electronic Gaspedal.a(ErikaOS_ee_gnu_irq_stack.o)
 .debug_aranges
                0x00000ea8       0x20 .\CortexM3\ARM_GCC_541\Debug\Electronic Gaspedal.a(ErikaOS_ee_gnu_multi_context.o)
 .debug_aranges
                0x00000ec8       0x20 .\CortexM3\ARM_GCC_541\Debug\Electronic Gaspedal.a(ErikaOS_ee_gnu_oo.o)
 .debug_aranges
                0x00000ee8       0x88 .\CortexM3\ARM_GCC_541\Debug\Electronic Gaspedal.a(CyFlash.o)
 .debug_aranges
                0x00000f70       0x80 .\CortexM3\ARM_GCC_541\Debug\Electronic Gaspedal.a(CySpc.o)
 .debug_aranges
                0x00000ff0       0x20 .\CortexM3\ARM_GCC_541\Debug\Electronic Gaspedal.a(ErikaOS_ee_tnterm.o)
 .debug_aranges
                0x00001010       0x20 .\CortexM3\ARM_GCC_541\Debug\Electronic Gaspedal.a(ErikaOS_ee_tstub.o)
 .debug_aranges
                0x00001030       0x28 .\CortexM3\ARM_GCC_541\Debug\Electronic Gaspedal.a(ErikaOS_cortex_mx_ee_context.o)
 .debug_aranges
                0x00001058       0x30 .\CortexM3\ARM_GCC_541\Debug\Electronic Gaspedal.a(ErikaOS_ee_thendin.o)

.debug_pubnames
 *(.debug_pubnames)

.debug_info     0x00000000    0x141ac
 *(.debug_info .gnu.linkonce.wi.*)
 .debug_info    0x00000000      0x7a9 .\CortexM3\ARM_GCC_541\Debug\main.o
 .debug_info    0x000007a9      0x5fc .\CortexM3\ARM_GCC_541\Debug\swc_brakelight_control.o
 .debug_info    0x00000da5      0x745 .\CortexM3\ARM_GCC_541\Debug\swc_calc_control.o
 .debug_info    0x000014ea      0x659 .\CortexM3\ARM_GCC_541\Debug\swc_engine_control.o
 .debug_info    0x00001b43      0x6bf .\CortexM3\ARM_GCC_541\Debug\swc_joystick.o
 .debug_info    0x00002202      0x29b .\CortexM3\ARM_GCC_541\Debug\tsk_control.o
 .debug_info    0x0000249d      0x274 .\CortexM3\ARM_GCC_541\Debug\tsk_io.o
 .debug_info    0x00002711      0x29b .\CortexM3\ARM_GCC_541\Debug\tsk_brakelight.o
 .debug_info    0x000029ac      0x5d7 .\CortexM3\ARM_GCC_541\Debug\led.o
 .debug_info    0x00002f83      0x2d3 .\CortexM3\ARM_GCC_541\Debug\watchdog.o
 .debug_info    0x00003256      0x375 .\CortexM3\ARM_GCC_541\Debug\rte.o
 .debug_info    0x000035cb      0x29b .\CortexM3\ARM_GCC_541\Debug\sc_joystick_type.o
 .debug_info    0x00003866      0x2b4 .\CortexM3\ARM_GCC_541\Debug\sc_speed_type.o
 .debug_info    0x00003b1a      0xa18 .\CortexM3\ARM_GCC_541\Debug\sp_signalpool.o
 .debug_info    0x00004532      0x2de .\CortexM3\ARM_GCC_541\Debug\joystick.o
 .debug_info    0x00004810      0x635 .\CortexM3\ARM_GCC_541\Debug\cyfitter_cfg.o
 .debug_info    0x00004e45      0x139 .\CortexM3\ARM_GCC_541\Debug\cymetadata.o
 .debug_info    0x00004f7e      0x3cf .\CortexM3\ARM_GCC_541\Debug\Cm3Start.o
 .debug_info    0x0000534d      0x94e .\CortexM3\ARM_GCC_541\Debug\Electronic Gaspedal.a(CyDmac.o)
 .debug_info    0x00005c9b     0x1374 .\CortexM3\ARM_GCC_541\Debug\Electronic Gaspedal.a(CyLib.o)
 .debug_info    0x0000700f      0xa2a .\CortexM3\ARM_GCC_541\Debug\Electronic Gaspedal.a(cyPm.o)
 .debug_info    0x00007a39      0x80d .\CortexM3\ARM_GCC_541\Debug\Electronic Gaspedal.a(ErikaOS_ee_activate.o)
 .debug_info    0x00008246      0x5e5 .\CortexM3\ARM_GCC_541\Debug\Electronic Gaspedal.a(ErikaOS_ee_alsetrel.o)
 .debug_info    0x0000882b      0xc3b .\CortexM3\ARM_GCC_541\Debug\Electronic Gaspedal.a(ErikaOS_ee_altick.o)
 .debug_info    0x00009466      0x5a7 .\CortexM3\ARM_GCC_541\Debug\Electronic Gaspedal.a(ErikaOS_ee_evclear.o)
 .debug_info    0x00009a0d      0x4ca .\CortexM3\ARM_GCC_541\Debug\Electronic Gaspedal.a(ErikaOS_ee_evget.o)
 .debug_info    0x00009ed7      0x7c3 .\CortexM3\ARM_GCC_541\Debug\Electronic Gaspedal.a(ErikaOS_ee_evset.o)
 .debug_info    0x0000a69a      0x84e .\CortexM3\ARM_GCC_541\Debug\Electronic Gaspedal.a(ErikaOS_ee_evwait.o)
 .debug_info    0x0000aee8      0x5cb .\CortexM3\ARM_GCC_541\Debug\Electronic Gaspedal.a(ErikaOS_ee_irqendin.o)
 .debug_info    0x0000b4b3      0x3d0 .\CortexM3\ARM_GCC_541\Debug\Electronic Gaspedal.a(ErikaOS_ee_lookup.o)
 .debug_info    0x0000b883      0x46f .\CortexM3\ARM_GCC_541\Debug\Electronic Gaspedal.a(ErikaOS_ee_rq_exchg.o)
 .debug_info    0x0000bcf2      0x421 .\CortexM3\ARM_GCC_541\Debug\Electronic Gaspedal.a(ErikaOS_ee_rq_first.o)
 .debug_info    0x0000c113      0x475 .\CortexM3\ARM_GCC_541\Debug\Electronic Gaspedal.a(ErikaOS_ee_rq_inser.o)
 .debug_info    0x0000c588     0x2040 .\CortexM3\ARM_GCC_541\Debug\Electronic Gaspedal.a(ErikaOS_ee_startos.o)
 .debug_info    0x0000e5c8      0x589 .\CortexM3\ARM_GCC_541\Debug\Electronic Gaspedal.a(ErikaOS_ee_terminat.o)
 .debug_info    0x0000eb51      0x513 .\CortexM3\ARM_GCC_541\Debug\Electronic Gaspedal.a(ErikaOS_cortex_mx_ee_utils.o)
 .debug_info    0x0000f064      0x3cb .\CortexM3\ARM_GCC_541\Debug\Electronic Gaspedal.a(ErikaOS_common_ee_hal_structs.o)
 .debug_info    0x0000f42f      0x8c7 .\CortexM3\ARM_GCC_541\Debug\Electronic Gaspedal.a(ErikaOS_eecfg.o)
 .debug_info    0x0000fcf6      0x6f2 .\CortexM3\ARM_GCC_541\Debug\Electronic Gaspedal.a(JOYSTICK_ADC_XY.o)
 .debug_info    0x000103e8       0xa0 .\CortexM3\ARM_GCC_541\Debug\Electronic Gaspedal.a(JOYSTICK_ADC_XY_INT.o)
 .debug_info    0x00010488      0x544 .\CortexM3\ARM_GCC_541\Debug\Electronic Gaspedal.a(JOYSTICK_ADC_XY_SAR.o)
 .debug_info    0x000109cc      0x1a8 .\CortexM3\ARM_GCC_541\Debug\Electronic Gaspedal.a(JOYSTICK_ADC_XY_TempBuf_dma.o)
 .debug_info    0x00010b74      0x1aa .\CortexM3\ARM_GCC_541\Debug\Electronic Gaspedal.a(JOYSTICK_ADC_XY_FinalBuf_dma.o)
 .debug_info    0x00010d1e      0x2d2 .\CortexM3\ARM_GCC_541\Debug\Electronic Gaspedal.a(JOYSTICK_ADC_XY_IRQ.o)
 .debug_info    0x00010ff0      0x60c .\CortexM3\ARM_GCC_541\Debug\Electronic Gaspedal.a(UART_LOG.o)
 .debug_info    0x000115fc      0x283 .\CortexM3\ARM_GCC_541\Debug\Electronic Gaspedal.a(UART_LOG_IntClock.o)
 .debug_info    0x0001187f      0x334 .\CortexM3\ARM_GCC_541\Debug\Electronic Gaspedal.a(RGB_PWM_green.o)
 .debug_info    0x00011bb3      0x11f .\CortexM3\ARM_GCC_541\Debug\Electronic Gaspedal.a(redLED.o)
 .debug_info    0x00011cd2      0x174 .\CortexM3\ARM_GCC_541\Debug\Electronic Gaspedal.a(Pin_Button1.o)
 .debug_info    0x00011e46       0x91 .\CortexM3\ARM_GCC_541\Debug\Electronic Gaspedal.a(CyBootAsmGnu.o)
 .debug_info    0x00011ed7       0xa6 .\CortexM3\ARM_GCC_541\Debug\Electronic Gaspedal.a(ErikaOS_ee_gnu_change_context_isr.o)
 .debug_info    0x00011f7d       0x9d .\CortexM3\ARM_GCC_541\Debug\Electronic Gaspedal.a(ErikaOS_ee_gnu_irq_stack.o)
 .debug_info    0x0001201a       0xa1 .\CortexM3\ARM_GCC_541\Debug\Electronic Gaspedal.a(ErikaOS_ee_gnu_multi_context.o)
 .debug_info    0x000120bb       0x96 .\CortexM3\ARM_GCC_541\Debug\Electronic Gaspedal.a(ErikaOS_ee_gnu_oo.o)
 .debug_info    0x00012151      0x64d .\CortexM3\ARM_GCC_541\Debug\Electronic Gaspedal.a(CyFlash.o)
 .debug_info    0x0001279e      0x550 .\CortexM3\ARM_GCC_541\Debug\Electronic Gaspedal.a(CySpc.o)
 .debug_info    0x00012cee      0x43d .\CortexM3\ARM_GCC_541\Debug\Electronic Gaspedal.a(ErikaOS_ee_tnterm.o)
 .debug_info    0x0001312b      0x487 .\CortexM3\ARM_GCC_541\Debug\Electronic Gaspedal.a(ErikaOS_ee_tstub.o)
 .debug_info    0x000135b2      0x501 .\CortexM3\ARM_GCC_541\Debug\Electronic Gaspedal.a(ErikaOS_cortex_mx_ee_context.o)
 .debug_info    0x00013ab3      0x6f9 .\CortexM3\ARM_GCC_541\Debug\Electronic Gaspedal.a(ErikaOS_ee_thendin.o)

.debug_abbrev   0x00000000     0x57df
 *(.debug_abbrev)
 .debug_abbrev  0x00000000      0x225 .\CortexM3\ARM_GCC_541\Debug\main.o
 .debug_abbrev  0x00000225      0x202 .\CortexM3\ARM_GCC_541\Debug\swc_brakelight_control.o
 .debug_abbrev  0x00000427      0x224 .\CortexM3\ARM_GCC_541\Debug\swc_calc_control.o
 .debug_abbrev  0x0000064b      0x235 .\CortexM3\ARM_GCC_541\Debug\swc_engine_control.o
 .debug_abbrev  0x00000880      0x25f .\CortexM3\ARM_GCC_541\Debug\swc_joystick.o
 .debug_abbrev  0x00000adf      0x167 .\CortexM3\ARM_GCC_541\Debug\tsk_control.o
 .debug_abbrev  0x00000c46      0x148 .\CortexM3\ARM_GCC_541\Debug\tsk_io.o
 .debug_abbrev  0x00000d8e      0x167 .\CortexM3\ARM_GCC_541\Debug\tsk_brakelight.o
 .debug_abbrev  0x00000ef5      0x1e4 .\CortexM3\ARM_GCC_541\Debug\led.o
 .debug_abbrev  0x000010d9      0x109 .\CortexM3\ARM_GCC_541\Debug\watchdog.o
 .debug_abbrev  0x000011e2      0x16b .\CortexM3\ARM_GCC_541\Debug\rte.o
 .debug_abbrev  0x0000134d      0x127 .\CortexM3\ARM_GCC_541\Debug\sc_joystick_type.o
 .debug_abbrev  0x00001474      0x10d .\CortexM3\ARM_GCC_541\Debug\sc_speed_type.o
 .debug_abbrev  0x00001581      0x24f .\CortexM3\ARM_GCC_541\Debug\sp_signalpool.o
 .debug_abbrev  0x000017d0      0x11e .\CortexM3\ARM_GCC_541\Debug\joystick.o
 .debug_abbrev  0x000018ee      0x20d .\CortexM3\ARM_GCC_541\Debug\cyfitter_cfg.o
 .debug_abbrev  0x00001afb       0x77 .\CortexM3\ARM_GCC_541\Debug\cymetadata.o
 .debug_abbrev  0x00001b72      0x1e8 .\CortexM3\ARM_GCC_541\Debug\Cm3Start.o
 .debug_abbrev  0x00001d5a      0x1b2 .\CortexM3\ARM_GCC_541\Debug\Electronic Gaspedal.a(CyDmac.o)
 .debug_abbrev  0x00001f0c      0x254 .\CortexM3\ARM_GCC_541\Debug\Electronic Gaspedal.a(CyLib.o)
 .debug_abbrev  0x00002160      0x1ab .\CortexM3\ARM_GCC_541\Debug\Electronic Gaspedal.a(cyPm.o)
 .debug_abbrev  0x0000230b      0x284 .\CortexM3\ARM_GCC_541\Debug\Electronic Gaspedal.a(ErikaOS_ee_activate.o)
 .debug_abbrev  0x0000258f      0x1f7 .\CortexM3\ARM_GCC_541\Debug\Electronic Gaspedal.a(ErikaOS_ee_alsetrel.o)
 .debug_abbrev  0x00002786      0x362 .\CortexM3\ARM_GCC_541\Debug\Electronic Gaspedal.a(ErikaOS_ee_altick.o)
 .debug_abbrev  0x00002ae8      0x1e0 .\CortexM3\ARM_GCC_541\Debug\Electronic Gaspedal.a(ErikaOS_ee_evclear.o)
 .debug_abbrev  0x00002cc8      0x150 .\CortexM3\ARM_GCC_541\Debug\Electronic Gaspedal.a(ErikaOS_ee_evget.o)
 .debug_abbrev  0x00002e18      0x27f .\CortexM3\ARM_GCC_541\Debug\Electronic Gaspedal.a(ErikaOS_ee_evset.o)
 .debug_abbrev  0x00003097      0x25d .\CortexM3\ARM_GCC_541\Debug\Electronic Gaspedal.a(ErikaOS_ee_evwait.o)
 .debug_abbrev  0x000032f4      0x1da .\CortexM3\ARM_GCC_541\Debug\Electronic Gaspedal.a(ErikaOS_ee_irqendin.o)
 .debug_abbrev  0x000034ce       0xcf .\CortexM3\ARM_GCC_541\Debug\Electronic Gaspedal.a(ErikaOS_ee_lookup.o)
 .debug_abbrev  0x0000359d       0xfc .\CortexM3\ARM_GCC_541\Debug\Electronic Gaspedal.a(ErikaOS_ee_rq_exchg.o)
 .debug_abbrev  0x00003699       0xed .\CortexM3\ARM_GCC_541\Debug\Electronic Gaspedal.a(ErikaOS_ee_rq_first.o)
 .debug_abbrev  0x00003786      0x109 .\CortexM3\ARM_GCC_541\Debug\Electronic Gaspedal.a(ErikaOS_ee_rq_inser.o)
 .debug_abbrev  0x0000388f      0x4a7 .\CortexM3\ARM_GCC_541\Debug\Electronic Gaspedal.a(ErikaOS_ee_startos.o)
 .debug_abbrev  0x00003d36      0x1de .\CortexM3\ARM_GCC_541\Debug\Electronic Gaspedal.a(ErikaOS_ee_terminat.o)
 .debug_abbrev  0x00003f14      0x1e3 .\CortexM3\ARM_GCC_541\Debug\Electronic Gaspedal.a(ErikaOS_cortex_mx_ee_utils.o)
 .debug_abbrev  0x000040f7       0xcf .\CortexM3\ARM_GCC_541\Debug\Electronic Gaspedal.a(ErikaOS_common_ee_hal_structs.o)
 .debug_abbrev  0x000041c6      0x127 .\CortexM3\ARM_GCC_541\Debug\Electronic Gaspedal.a(ErikaOS_eecfg.o)
 .debug_abbrev  0x000042ed      0x13e .\CortexM3\ARM_GCC_541\Debug\Electronic Gaspedal.a(JOYSTICK_ADC_XY.o)
 .debug_abbrev  0x0000442b       0x42 .\CortexM3\ARM_GCC_541\Debug\Electronic Gaspedal.a(JOYSTICK_ADC_XY_INT.o)
 .debug_abbrev  0x0000446d      0x1ac .\CortexM3\ARM_GCC_541\Debug\Electronic Gaspedal.a(JOYSTICK_ADC_XY_SAR.o)
 .debug_abbrev  0x00004619       0xcd .\CortexM3\ARM_GCC_541\Debug\Electronic Gaspedal.a(JOYSTICK_ADC_XY_TempBuf_dma.o)
 .debug_abbrev  0x000046e6       0xcd .\CortexM3\ARM_GCC_541\Debug\Electronic Gaspedal.a(JOYSTICK_ADC_XY_FinalBuf_dma.o)
 .debug_abbrev  0x000047b3      0x173 .\CortexM3\ARM_GCC_541\Debug\Electronic Gaspedal.a(JOYSTICK_ADC_XY_IRQ.o)
 .debug_abbrev  0x00004926      0x175 .\CortexM3\ARM_GCC_541\Debug\Electronic Gaspedal.a(UART_LOG.o)
 .debug_abbrev  0x00004a9b      0x139 .\CortexM3\ARM_GCC_541\Debug\Electronic Gaspedal.a(UART_LOG_IntClock.o)
 .debug_abbrev  0x00004bd4      0x133 .\CortexM3\ARM_GCC_541\Debug\Electronic Gaspedal.a(RGB_PWM_green.o)
 .debug_abbrev  0x00004d07       0x90 .\CortexM3\ARM_GCC_541\Debug\Electronic Gaspedal.a(redLED.o)
 .debug_abbrev  0x00004d97       0x90 .\CortexM3\ARM_GCC_541\Debug\Electronic Gaspedal.a(Pin_Button1.o)
 .debug_abbrev  0x00004e27       0x14 .\CortexM3\ARM_GCC_541\Debug\Electronic Gaspedal.a(CyBootAsmGnu.o)
 .debug_abbrev  0x00004e3b       0x14 .\CortexM3\ARM_GCC_541\Debug\Electronic Gaspedal.a(ErikaOS_ee_gnu_change_context_isr.o)
 .debug_abbrev  0x00004e4f       0x14 .\CortexM3\ARM_GCC_541\Debug\Electronic Gaspedal.a(ErikaOS_ee_gnu_irq_stack.o)
 .debug_abbrev  0x00004e63       0x14 .\CortexM3\ARM_GCC_541\Debug\Electronic Gaspedal.a(ErikaOS_ee_gnu_multi_context.o)
 .debug_abbrev  0x00004e77       0x14 .\CortexM3\ARM_GCC_541\Debug\Electronic Gaspedal.a(ErikaOS_ee_gnu_oo.o)
 .debug_abbrev  0x00004e8b      0x1a7 .\CortexM3\ARM_GCC_541\Debug\Electronic Gaspedal.a(CyFlash.o)
 .debug_abbrev  0x00005032      0x194 .\CortexM3\ARM_GCC_541\Debug\Electronic Gaspedal.a(CySpc.o)
 .debug_abbrev  0x000051c6      0x157 .\CortexM3\ARM_GCC_541\Debug\Electronic Gaspedal.a(ErikaOS_ee_tnterm.o)
 .debug_abbrev  0x0000531d      0x143 .\CortexM3\ARM_GCC_541\Debug\Electronic Gaspedal.a(ErikaOS_ee_tstub.o)
 .debug_abbrev  0x00005460      0x156 .\CortexM3\ARM_GCC_541\Debug\Electronic Gaspedal.a(ErikaOS_cortex_mx_ee_context.o)
 .debug_abbrev  0x000055b6      0x229 .\CortexM3\ARM_GCC_541\Debug\Electronic Gaspedal.a(ErikaOS_ee_thendin.o)

.debug_line     0x00000000     0x79db
 *(.debug_line)
 .debug_line    0x00000000      0x4ed .\CortexM3\ARM_GCC_541\Debug\main.o
 .debug_line    0x000004ed      0x364 .\CortexM3\ARM_GCC_541\Debug\swc_brakelight_control.o
 .debug_line    0x00000851      0x38e .\CortexM3\ARM_GCC_541\Debug\swc_calc_control.o
 .debug_line    0x00000bdf      0x37c .\CortexM3\ARM_GCC_541\Debug\swc_engine_control.o
 .debug_line    0x00000f5b      0x37e .\CortexM3\ARM_GCC_541\Debug\swc_joystick.o
 .debug_line    0x000012d9      0x293 .\CortexM3\ARM_GCC_541\Debug\tsk_control.o
 .debug_line    0x0000156c      0x284 .\CortexM3\ARM_GCC_541\Debug\tsk_io.o
 .debug_line    0x000017f0      0x296 .\CortexM3\ARM_GCC_541\Debug\tsk_brakelight.o
 .debug_line    0x00001a86      0x301 .\CortexM3\ARM_GCC_541\Debug\led.o
 .debug_line    0x00001d87      0x279 .\CortexM3\ARM_GCC_541\Debug\watchdog.o
 .debug_line    0x00002000      0x287 .\CortexM3\ARM_GCC_541\Debug\rte.o
 .debug_line    0x00002287        0x0 .\CortexM3\ARM_GCC_541\Debug\sc_joystick.o
 .debug_line    0x00002287      0x255 .\CortexM3\ARM_GCC_541\Debug\sc_joystick_type.o
 .debug_line    0x000024dc        0x0 .\CortexM3\ARM_GCC_541\Debug\sc_speed.o
 .debug_line    0x000024dc      0x257 .\CortexM3\ARM_GCC_541\Debug\sc_speed_type.o
 .debug_line    0x00002733      0x3fd .\CortexM3\ARM_GCC_541\Debug\sp_signalpool.o
 .debug_line    0x00002b30      0x245 .\CortexM3\ARM_GCC_541\Debug\joystick.o
 .debug_line    0x00002d75      0x206 .\CortexM3\ARM_GCC_541\Debug\cyfitter_cfg.o
 .debug_line    0x00002f7b      0x141 .\CortexM3\ARM_GCC_541\Debug\cymetadata.o
 .debug_line    0x000030bc      0x241 .\CortexM3\ARM_GCC_541\Debug\Cm3Start.o
 .debug_line    0x000032fd      0x2e4 .\CortexM3\ARM_GCC_541\Debug\Electronic Gaspedal.a(CyDmac.o)
 .debug_line    0x000035e1      0x816 .\CortexM3\ARM_GCC_541\Debug\Electronic Gaspedal.a(CyLib.o)
 .debug_line    0x00003df7      0x367 .\CortexM3\ARM_GCC_541\Debug\Electronic Gaspedal.a(cyPm.o)
 .debug_line    0x0000415e      0x1e6 .\CortexM3\ARM_GCC_541\Debug\Electronic Gaspedal.a(ErikaOS_ee_activate.o)
 .debug_line    0x00004344      0x1bd .\CortexM3\ARM_GCC_541\Debug\Electronic Gaspedal.a(ErikaOS_ee_alsetrel.o)
 .debug_line    0x00004501      0x2f1 .\CortexM3\ARM_GCC_541\Debug\Electronic Gaspedal.a(ErikaOS_ee_altick.o)
 .debug_line    0x000047f2      0x1c1 .\CortexM3\ARM_GCC_541\Debug\Electronic Gaspedal.a(ErikaOS_ee_evclear.o)
 .debug_line    0x000049b3      0x14b .\CortexM3\ARM_GCC_541\Debug\Electronic Gaspedal.a(ErikaOS_ee_evget.o)
 .debug_line    0x00004afe      0x1e3 .\CortexM3\ARM_GCC_541\Debug\Electronic Gaspedal.a(ErikaOS_ee_evset.o)
 .debug_line    0x00004ce1      0x1ef .\CortexM3\ARM_GCC_541\Debug\Electronic Gaspedal.a(ErikaOS_ee_evwait.o)
 .debug_line    0x00004ed0      0x190 .\CortexM3\ARM_GCC_541\Debug\Electronic Gaspedal.a(ErikaOS_ee_irqendin.o)
 .debug_line    0x00005060      0x10b .\CortexM3\ARM_GCC_541\Debug\Electronic Gaspedal.a(ErikaOS_ee_lookup.o)
 .debug_line    0x0000516b      0x14b .\CortexM3\ARM_GCC_541\Debug\Electronic Gaspedal.a(ErikaOS_ee_rq_exchg.o)
 .debug_line    0x000052b6      0x142 .\CortexM3\ARM_GCC_541\Debug\Electronic Gaspedal.a(ErikaOS_ee_rq_first.o)
 .debug_line    0x000053f8      0x146 .\CortexM3\ARM_GCC_541\Debug\Electronic Gaspedal.a(ErikaOS_ee_rq_inser.o)
 .debug_line    0x0000553e      0x3e8 .\CortexM3\ARM_GCC_541\Debug\Electronic Gaspedal.a(ErikaOS_ee_startos.o)
 .debug_line    0x00005926      0x1ac .\CortexM3\ARM_GCC_541\Debug\Electronic Gaspedal.a(ErikaOS_ee_terminat.o)
 .debug_line    0x00005ad2      0x174 .\CortexM3\ARM_GCC_541\Debug\Electronic Gaspedal.a(ErikaOS_cortex_mx_ee_utils.o)
 .debug_line    0x00005c46       0xed .\CortexM3\ARM_GCC_541\Debug\Electronic Gaspedal.a(ErikaOS_common_ee_hal_structs.o)
 .debug_line    0x00005d33      0x12c .\CortexM3\ARM_GCC_541\Debug\Electronic Gaspedal.a(ErikaOS_eecfg.o)
 .debug_line    0x00005e5f      0x23e .\CortexM3\ARM_GCC_541\Debug\Electronic Gaspedal.a(JOYSTICK_ADC_XY.o)
 .debug_line    0x0000609d       0x5c .\CortexM3\ARM_GCC_541\Debug\Electronic Gaspedal.a(JOYSTICK_ADC_XY_INT.o)
 .debug_line    0x000060f9      0x20f .\CortexM3\ARM_GCC_541\Debug\Electronic Gaspedal.a(JOYSTICK_ADC_XY_SAR.o)
 .debug_line    0x00006308       0x94 .\CortexM3\ARM_GCC_541\Debug\Electronic Gaspedal.a(JOYSTICK_ADC_XY_TempBuf_dma.o)
 .debug_line    0x0000639c       0x95 .\CortexM3\ARM_GCC_541\Debug\Electronic Gaspedal.a(JOYSTICK_ADC_XY_FinalBuf_dma.o)
 .debug_line    0x00006431      0x140 .\CortexM3\ARM_GCC_541\Debug\Electronic Gaspedal.a(JOYSTICK_ADC_XY_IRQ.o)
 .debug_line    0x00006571      0x2c4 .\CortexM3\ARM_GCC_541\Debug\Electronic Gaspedal.a(UART_LOG.o)
 .debug_line    0x00006835      0x180 .\CortexM3\ARM_GCC_541\Debug\Electronic Gaspedal.a(UART_LOG_IntClock.o)
 .debug_line    0x000069b5      0x18d .\CortexM3\ARM_GCC_541\Debug\Electronic Gaspedal.a(RGB_PWM_green.o)
 .debug_line    0x00006b42       0x93 .\CortexM3\ARM_GCC_541\Debug\Electronic Gaspedal.a(redLED.o)
 .debug_line    0x00006bd5       0xbc .\CortexM3\ARM_GCC_541\Debug\Electronic Gaspedal.a(Pin_Button1.o)
 .debug_line    0x00006c91       0x66 .\CortexM3\ARM_GCC_541\Debug\Electronic Gaspedal.a(CyBootAsmGnu.o)
 .debug_line    0x00006cf7       0xac .\CortexM3\ARM_GCC_541\Debug\Electronic Gaspedal.a(ErikaOS_ee_gnu_change_context_isr.o)
 .debug_line    0x00006da3       0x72 .\CortexM3\ARM_GCC_541\Debug\Electronic Gaspedal.a(ErikaOS_ee_gnu_irq_stack.o)
 .debug_line    0x00006e15       0x9b .\CortexM3\ARM_GCC_541\Debug\Electronic Gaspedal.a(ErikaOS_ee_gnu_multi_context.o)
 .debug_line    0x00006eb0       0x97 .\CortexM3\ARM_GCC_541\Debug\Electronic Gaspedal.a(ErikaOS_ee_gnu_oo.o)
 .debug_line    0x00006f47      0x21a .\CortexM3\ARM_GCC_541\Debug\Electronic Gaspedal.a(CyFlash.o)
 .debug_line    0x00007161      0x260 .\CortexM3\ARM_GCC_541\Debug\Electronic Gaspedal.a(CySpc.o)
 .debug_line    0x000073c1      0x169 .\CortexM3\ARM_GCC_541\Debug\Electronic Gaspedal.a(ErikaOS_ee_tnterm.o)
 .debug_line    0x0000752a      0x160 .\CortexM3\ARM_GCC_541\Debug\Electronic Gaspedal.a(ErikaOS_ee_tstub.o)
 .debug_line    0x0000768a      0x19a .\CortexM3\ARM_GCC_541\Debug\Electronic Gaspedal.a(ErikaOS_cortex_mx_ee_context.o)
 .debug_line    0x00007824      0x1b7 .\CortexM3\ARM_GCC_541\Debug\Electronic Gaspedal.a(ErikaOS_ee_thendin.o)

.debug_frame    0x00000000     0x2838
 *(.debug_frame)
 .debug_frame   0x00000000      0x10c .\CortexM3\ARM_GCC_541\Debug\main.o
 .debug_frame   0x0000010c       0x30 .\CortexM3\ARM_GCC_541\Debug\swc_brakelight_control.o
 .debug_frame   0x0000013c       0x34 .\CortexM3\ARM_GCC_541\Debug\swc_calc_control.o
 .debug_frame   0x00000170       0x30 .\CortexM3\ARM_GCC_541\Debug\swc_engine_control.o
 .debug_frame   0x000001a0       0x38 .\CortexM3\ARM_GCC_541\Debug\swc_joystick.o
 .debug_frame   0x000001d8       0x2c .\CortexM3\ARM_GCC_541\Debug\tsk_control.o
 .debug_frame   0x00000204       0x2c .\CortexM3\ARM_GCC_541\Debug\tsk_io.o
 .debug_frame   0x00000230       0x2c .\CortexM3\ARM_GCC_541\Debug\tsk_brakelight.o
 .debug_frame   0x0000025c       0x88 .\CortexM3\ARM_GCC_541\Debug\led.o
 .debug_frame   0x000002e4       0x50 .\CortexM3\ARM_GCC_541\Debug\watchdog.o
 .debug_frame   0x00000334       0x60 .\CortexM3\ARM_GCC_541\Debug\rte.o
 .debug_frame   0x00000394       0x30 .\CortexM3\ARM_GCC_541\Debug\sc_joystick_type.o
 .debug_frame   0x000003c4       0x2c .\CortexM3\ARM_GCC_541\Debug\sc_speed_type.o
 .debug_frame   0x000003f0       0x44 .\CortexM3\ARM_GCC_541\Debug\sp_signalpool.o
 .debug_frame   0x00000434       0x4c .\CortexM3\ARM_GCC_541\Debug\joystick.o
 .debug_frame   0x00000480       0xfc .\CortexM3\ARM_GCC_541\Debug\cyfitter_cfg.o
 .debug_frame   0x0000057c       0xb8 .\CortexM3\ARM_GCC_541\Debug\Cm3Start.o
 .debug_frame   0x00000634      0x1f8 .\CortexM3\ARM_GCC_541\Debug\Electronic Gaspedal.a(CyDmac.o)
 .debug_frame   0x0000082c      0x738 .\CortexM3\ARM_GCC_541\Debug\Electronic Gaspedal.a(CyLib.o)
 .debug_frame   0x00000f64      0x1f8 .\CortexM3\ARM_GCC_541\Debug\Electronic Gaspedal.a(cyPm.o)
 .debug_frame   0x0000115c       0x30 .\CortexM3\ARM_GCC_541\Debug\Electronic Gaspedal.a(ErikaOS_ee_activate.o)
 .debug_frame   0x0000118c       0x38 .\CortexM3\ARM_GCC_541\Debug\Electronic Gaspedal.a(ErikaOS_ee_alsetrel.o)
 .debug_frame   0x000011c4      0x10c .\CortexM3\ARM_GCC_541\Debug\Electronic Gaspedal.a(ErikaOS_ee_altick.o)
 .debug_frame   0x000012d0       0x38 .\CortexM3\ARM_GCC_541\Debug\Electronic Gaspedal.a(ErikaOS_ee_evclear.o)
 .debug_frame   0x00001308       0x20 .\CortexM3\ARM_GCC_541\Debug\Electronic Gaspedal.a(ErikaOS_ee_evget.o)
 .debug_frame   0x00001328       0x30 .\CortexM3\ARM_GCC_541\Debug\Electronic Gaspedal.a(ErikaOS_ee_evset.o)
 .debug_frame   0x00001358       0x30 .\CortexM3\ARM_GCC_541\Debug\Electronic Gaspedal.a(ErikaOS_ee_evwait.o)
 .debug_frame   0x00001388       0x58 .\CortexM3\ARM_GCC_541\Debug\Electronic Gaspedal.a(ErikaOS_ee_irqendin.o)
 .debug_frame   0x000013e0       0x3c .\CortexM3\ARM_GCC_541\Debug\Electronic Gaspedal.a(ErikaOS_ee_rq_exchg.o)
 .debug_frame   0x0000141c       0x20 .\CortexM3\ARM_GCC_541\Debug\Electronic Gaspedal.a(ErikaOS_ee_rq_first.o)
 .debug_frame   0x0000143c       0x30 .\CortexM3\ARM_GCC_541\Debug\Electronic Gaspedal.a(ErikaOS_ee_rq_inser.o)
 .debug_frame   0x0000146c       0x90 .\CortexM3\ARM_GCC_541\Debug\Electronic Gaspedal.a(ErikaOS_ee_startos.o)
 .debug_frame   0x000014fc       0x2c .\CortexM3\ARM_GCC_541\Debug\Electronic Gaspedal.a(ErikaOS_ee_terminat.o)
 .debug_frame   0x00001528       0x30 .\CortexM3\ARM_GCC_541\Debug\Electronic Gaspedal.a(ErikaOS_cortex_mx_ee_utils.o)
 .debug_frame   0x00001558      0x1dc .\CortexM3\ARM_GCC_541\Debug\Electronic Gaspedal.a(JOYSTICK_ADC_XY.o)
 .debug_frame   0x00001734       0x20 .\CortexM3\ARM_GCC_541\Debug\Electronic Gaspedal.a(JOYSTICK_ADC_XY_INT.o)
 .debug_frame   0x00001754      0x1b0 .\CortexM3\ARM_GCC_541\Debug\Electronic Gaspedal.a(JOYSTICK_ADC_XY_SAR.o)
 .debug_frame   0x00001904       0x54 .\CortexM3\ARM_GCC_541\Debug\Electronic Gaspedal.a(JOYSTICK_ADC_XY_TempBuf_dma.o)
 .debug_frame   0x00001958       0x54 .\CortexM3\ARM_GCC_541\Debug\Electronic Gaspedal.a(JOYSTICK_ADC_XY_FinalBuf_dma.o)
 .debug_frame   0x000019ac      0x104 .\CortexM3\ARM_GCC_541\Debug\Electronic Gaspedal.a(JOYSTICK_ADC_XY_IRQ.o)
 .debug_frame   0x00001ab0      0x250 .\CortexM3\ARM_GCC_541\Debug\Electronic Gaspedal.a(UART_LOG.o)
 .debug_frame   0x00001d00       0xe0 .\CortexM3\ARM_GCC_541\Debug\Electronic Gaspedal.a(UART_LOG_IntClock.o)
 .debug_frame   0x00001de0      0x134 .\CortexM3\ARM_GCC_541\Debug\Electronic Gaspedal.a(RGB_PWM_green.o)
 .debug_frame   0x00001f14       0x50 .\CortexM3\ARM_GCC_541\Debug\Electronic Gaspedal.a(redLED.o)
 .debug_frame   0x00001f64       0x70 .\CortexM3\ARM_GCC_541\Debug\Electronic Gaspedal.a(Pin_Button1.o)
 .debug_frame   0x00001fd4      0x194 .\CortexM3\ARM_GCC_541\Debug\Electronic Gaspedal.a(CyFlash.o)
 .debug_frame   0x00002168      0x180 .\CortexM3\ARM_GCC_541\Debug\Electronic Gaspedal.a(CySpc.o)
 .debug_frame   0x000022e8       0x2c .\CortexM3\ARM_GCC_541\Debug\Electronic Gaspedal.a(ErikaOS_ee_tnterm.o)
 .debug_frame   0x00002314       0x2c .\CortexM3\ARM_GCC_541\Debug\Electronic Gaspedal.a(ErikaOS_ee_tstub.o)
 .debug_frame   0x00002340       0x3c .\CortexM3\ARM_GCC_541\Debug\Electronic Gaspedal.a(ErikaOS_cortex_mx_ee_context.o)
 .debug_frame   0x0000237c       0x5c .\CortexM3\ARM_GCC_541\Debug\Electronic Gaspedal.a(ErikaOS_ee_thendin.o)
 .debug_frame   0x000023d8       0x44 c:/program files (x86)/cypress/psoc creator/4.4/psoc creator/import/gnu/arm/5.4.1/bin/../lib/gcc/arm-none-eabi/5.4.1/armv7-m\libgcc.a(_aeabi_ldivmod.o)
 .debug_frame   0x0000241c       0x38 c:/program files (x86)/cypress/psoc creator/4.4/psoc creator/import/gnu/arm/5.4.1/bin/../lib/gcc/arm-none-eabi/5.4.1/armv7-m\libgcc.a(_udivmoddi4.o)
 .debug_frame   0x00002454       0x20 c:/program files (x86)/cypress/psoc creator/4.4/psoc creator/import/gnu/arm/5.4.1/bin/../lib/gcc/arm-none-eabi/5.4.1/../../../../arm-none-eabi/lib/armv7-m\libg_nano.a(lib_a-errno.o)
 .debug_frame   0x00002474       0x28 c:/program files (x86)/cypress/psoc creator/4.4/psoc creator/import/gnu/arm/5.4.1/bin/../lib/gcc/arm-none-eabi/5.4.1/../../../../arm-none-eabi/lib/armv7-m\libg_nano.a(lib_a-exit.o)
 .debug_frame   0x0000249c       0x2c c:/program files (x86)/cypress/psoc creator/4.4/psoc creator/import/gnu/arm/5.4.1/bin/../lib/gcc/arm-none-eabi/5.4.1/../../../../arm-none-eabi/lib/armv7-m\libg_nano.a(lib_a-init.o)
 .debug_frame   0x000024c8       0x28 c:/program files (x86)/cypress/psoc creator/4.4/psoc creator/import/gnu/arm/5.4.1/bin/../lib/gcc/arm-none-eabi/5.4.1/../../../../arm-none-eabi/lib/armv7-m\libg_nano.a(lib_a-memcpy-stub.o)
 .debug_frame   0x000024f0       0x20 c:/program files (x86)/cypress/psoc creator/4.4/psoc creator/import/gnu/arm/5.4.1/bin/../lib/gcc/arm-none-eabi/5.4.1/../../../../arm-none-eabi/lib/armv7-m\libg_nano.a(lib_a-memset.o)
 .debug_frame   0x00002510       0x70 c:/program files (x86)/cypress/psoc creator/4.4/psoc creator/import/gnu/arm/5.4.1/bin/../lib/gcc/arm-none-eabi/5.4.1/../../../../arm-none-eabi/lib/armv7-m\libg_nano.a(lib_a-sprintf.o)
 .debug_frame   0x00002580       0x90 c:/program files (x86)/cypress/psoc creator/4.4/psoc creator/import/gnu/arm/5.4.1/bin/../lib/gcc/arm-none-eabi/5.4.1/../../../../arm-none-eabi/lib/armv7-m\libg_nano.a(lib_a-nano-svfprintf.o)
 .debug_frame   0x00002610       0x60 c:/program files (x86)/cypress/psoc creator/4.4/psoc creator/import/gnu/arm/5.4.1/bin/../lib/gcc/arm-none-eabi/5.4.1/../../../../arm-none-eabi/lib/armv7-m\libg_nano.a(lib_a-nano-vfprintf_i.o)
 .debug_frame   0x00002670       0x28 c:/program files (x86)/cypress/psoc creator/4.4/psoc creator/import/gnu/arm/5.4.1/bin/../lib/gcc/arm-none-eabi/5.4.1/../../../../arm-none-eabi/lib/armv7-m\libg_nano.a(lib_a-memchr-stub.o)
 .debug_frame   0x00002698       0x28 c:/program files (x86)/cypress/psoc creator/4.4/psoc creator/import/gnu/arm/5.4.1/bin/../lib/gcc/arm-none-eabi/5.4.1/../../../../arm-none-eabi/lib/armv7-m\libg_nano.a(lib_a-memmove.o)
 .debug_frame   0x000026c0       0x38 c:/program files (x86)/cypress/psoc creator/4.4/psoc creator/import/gnu/arm/5.4.1/bin/../lib/gcc/arm-none-eabi/5.4.1/../../../../arm-none-eabi/lib/armv7-m\libg_nano.a(lib_a-nano-freer.o)
 .debug_frame   0x000026f8       0x2c c:/program files (x86)/cypress/psoc creator/4.4/psoc creator/import/gnu/arm/5.4.1/bin/../lib/gcc/arm-none-eabi/5.4.1/../../../../arm-none-eabi/lib/armv7-m\libg_nano.a(lib_a-nano-mallocr.o)
 .debug_frame   0x00002724       0x3c c:/program files (x86)/cypress/psoc creator/4.4/psoc creator/import/gnu/arm/5.4.1/bin/../lib/gcc/arm-none-eabi/5.4.1/../../../../arm-none-eabi/lib/armv7-m\libg_nano.a(lib_a-nano-reallocr.o)
 .debug_frame   0x00002760       0x2c c:/program files (x86)/cypress/psoc creator/4.4/psoc creator/import/gnu/arm/5.4.1/bin/../lib/gcc/arm-none-eabi/5.4.1/../../../../arm-none-eabi/lib/armv7-m\libg_nano.a(lib_a-sbrkr.o)
 .debug_frame   0x0000278c       0x30 c:/program files (x86)/cypress/psoc creator/4.4/psoc creator/import/gnu/arm/5.4.1/bin/../lib/gcc/arm-none-eabi/5.4.1/../../../../arm-none-eabi/lib/armv7-m\libg_nano.a(lib_a-mlock.o)
 .debug_frame   0x000027bc       0x20 c:/program files (x86)/cypress/psoc creator/4.4/psoc creator/import/gnu/arm/5.4.1/bin/../lib/gcc/arm-none-eabi/5.4.1/../../../../arm-none-eabi/lib/armv7-m\libg_nano.a(lib_a-nano-msizer.o)
 .debug_frame   0x000027dc       0x5c c:/program files (x86)/cypress/psoc creator/4.4/psoc creator/import/gnu/arm/5.4.1/bin/../lib/gcc/arm-none-eabi/5.4.1/../../../../arm-none-eabi/lib/armv7-m\libg_nano.a(lib_a-reent.o)

.debug_str      0x00000000     0x4dd8
 *(.debug_str)
 .debug_str     0x00000000      0x582 .\CortexM3\ARM_GCC_541\Debug\main.o
                                0x5f9 (size before relaxing)
 .debug_str     0x00000582      0x473 .\CortexM3\ARM_GCC_541\Debug\swc_brakelight_control.o
                                0x700 (size before relaxing)
 .debug_str     0x000009f5      0x10b .\CortexM3\ARM_GCC_541\Debug\swc_calc_control.o
                                0x775 (size before relaxing)
 .debug_str     0x00000b00       0x77 .\CortexM3\ARM_GCC_541\Debug\swc_engine_control.o
                                0x72c (size before relaxing)
 .debug_str     0x00000b77       0x84 .\CortexM3\ARM_GCC_541\Debug\swc_joystick.o
                                0x70e (size before relaxing)
 .debug_str     0x00000bfb       0xe3 .\CortexM3\ARM_GCC_541\Debug\tsk_control.o
                                0x36b (size before relaxing)
 .debug_str     0x00000cde       0x9d .\CortexM3\ARM_GCC_541\Debug\tsk_io.o
                                0x360 (size before relaxing)
 .debug_str     0x00000d7b       0x7f .\CortexM3\ARM_GCC_541\Debug\tsk_brakelight.o
                                0x377 (size before relaxing)
 .debug_str     0x00000dfa      0x152 .\CortexM3\ARM_GCC_541\Debug\led.o
                                0x590 (size before relaxing)
 .debug_str     0x00000f4c       0x42 .\CortexM3\ARM_GCC_541\Debug\watchdog.o
                                0x4d8 (size before relaxing)
 .debug_str     0x00000f8e       0x1b .\CortexM3\ARM_GCC_541\Debug\rte.o
                                0x4c3 (size before relaxing)
 .debug_str     0x00000fa9       0x19 .\CortexM3\ARM_GCC_541\Debug\sc_joystick.o
                                 0xea (size before relaxing)
 .debug_str     0x00000fc2       0x61 .\CortexM3\ARM_GCC_541\Debug\sc_joystick_type.o
                                0x48d (size before relaxing)
 .debug_str     0x00001023       0x16 .\CortexM3\ARM_GCC_541\Debug\sc_speed.o
                                 0xe7 (size before relaxing)
 .debug_str     0x00001039       0x3b .\CortexM3\ARM_GCC_541\Debug\sc_speed_type.o
                                0x47e (size before relaxing)
 .debug_str     0x00001074      0x137 .\CortexM3\ARM_GCC_541\Debug\sp_signalpool.o
                                0x80d (size before relaxing)
 .debug_str     0x000011ab       0x85 .\CortexM3\ARM_GCC_541\Debug\joystick.o
                                0x4d4 (size before relaxing)
 .debug_str     0x00001230      0x190 .\CortexM3\ARM_GCC_541\Debug\cyfitter_cfg.o
                                0x34f (size before relaxing)
 .debug_str     0x000013c0       0x75 .\CortexM3\ARM_GCC_541\Debug\cymetadata.o
                                0x1e5 (size before relaxing)
 .debug_str     0x00001435      0x141 .\CortexM3\ARM_GCC_541\Debug\Cm3Start.o
                                0x31b (size before relaxing)
 .debug_str     0x00001576      0x360 .\CortexM3\ARM_GCC_541\Debug\Electronic Gaspedal.a(CyDmac.o)
                                0x54b (size before relaxing)
 .debug_str     0x000018d6      0x7ea .\CortexM3\ARM_GCC_541\Debug\Electronic Gaspedal.a(CyLib.o)
                                0xa48 (size before relaxing)
 .debug_str     0x000020c0      0x365 .\CortexM3\ARM_GCC_541\Debug\Electronic Gaspedal.a(cyPm.o)
                                0x734 (size before relaxing)
 .debug_str     0x00002425      0x5b5 .\CortexM3\ARM_GCC_541\Debug\Electronic Gaspedal.a(ErikaOS_ee_activate.o)
                                0x806 (size before relaxing)
 .debug_str     0x000029da       0x97 .\CortexM3\ARM_GCC_541\Debug\Electronic Gaspedal.a(ErikaOS_ee_alsetrel.o)
                                0x5fe (size before relaxing)
 .debug_str     0x00002a71      0x230 .\CortexM3\ARM_GCC_541\Debug\Electronic Gaspedal.a(ErikaOS_ee_altick.o)
                                0xa61 (size before relaxing)
 .debug_str     0x00002ca1       0x2c .\CortexM3\ARM_GCC_541\Debug\Electronic Gaspedal.a(ErikaOS_ee_evclear.o)
                                0x5de (size before relaxing)
 .debug_str     0x00002ccd       0x5b .\CortexM3\ARM_GCC_541\Debug\Electronic Gaspedal.a(ErikaOS_ee_evget.o)
                                0x54e (size before relaxing)
 .debug_str     0x00002d28       0x2a .\CortexM3\ARM_GCC_541\Debug\Electronic Gaspedal.a(ErikaOS_ee_evset.o)
                                0x7de (size before relaxing)
 .debug_str     0x00002d52       0x8d .\CortexM3\ARM_GCC_541\Debug\Electronic Gaspedal.a(ErikaOS_ee_evwait.o)
                                0x822 (size before relaxing)
 .debug_str     0x00002ddf       0xc8 .\CortexM3\ARM_GCC_541\Debug\Electronic Gaspedal.a(ErikaOS_ee_irqendin.o)
                                0x6bb (size before relaxing)
 .debug_str     0x00002ea7       0x2b .\CortexM3\ARM_GCC_541\Debug\Electronic Gaspedal.a(ErikaOS_ee_lookup.o)
                                0x48a (size before relaxing)
 .debug_str     0x00002ed2       0x8a .\CortexM3\ARM_GCC_541\Debug\Electronic Gaspedal.a(ErikaOS_ee_rq_exchg.o)
                                0x4fc (size before relaxing)
 .debug_str     0x00002f5c       0x2d .\CortexM3\ARM_GCC_541\Debug\Electronic Gaspedal.a(ErikaOS_ee_rq_first.o)
                                0x4c7 (size before relaxing)
 .debug_str     0x00002f89       0x38 .\CortexM3\ARM_GCC_541\Debug\Electronic Gaspedal.a(ErikaOS_ee_rq_inser.o)
                                0x501 (size before relaxing)
 .debug_str     0x00002fc1      0x899 .\CortexM3\ARM_GCC_541\Debug\Electronic Gaspedal.a(ErikaOS_ee_startos.o)
                               0x172d (size before relaxing)
 .debug_str     0x0000385a       0x5b .\CortexM3\ARM_GCC_541\Debug\Electronic Gaspedal.a(ErikaOS_ee_terminat.o)
                                0x5eb (size before relaxing)
 .debug_str     0x000038b5       0x71 .\CortexM3\ARM_GCC_541\Debug\Electronic Gaspedal.a(ErikaOS_cortex_mx_ee_utils.o)
                                0x559 (size before relaxing)
 .debug_str     0x00003926       0x37 .\CortexM3\ARM_GCC_541\Debug\Electronic Gaspedal.a(ErikaOS_common_ee_hal_structs.o)
                                0x496 (size before relaxing)
 .debug_str     0x0000395d      0x19d .\CortexM3\ARM_GCC_541\Debug\Electronic Gaspedal.a(ErikaOS_eecfg.o)
                                0x7e4 (size before relaxing)
 .debug_str     0x00003afa      0x49c .\CortexM3\ARM_GCC_541\Debug\Electronic Gaspedal.a(JOYSTICK_ADC_XY.o)
                                0x779 (size before relaxing)
 .debug_str     0x00003f96       0x41 .\CortexM3\ARM_GCC_541\Debug\Electronic Gaspedal.a(JOYSTICK_ADC_XY_INT.o)
                                0x1bd (size before relaxing)
 .debug_str     0x00003fd7      0x17b .\CortexM3\ARM_GCC_541\Debug\Electronic Gaspedal.a(JOYSTICK_ADC_XY_SAR.o)
                                0x55f (size before relaxing)
 .debug_str     0x00004152       0xb5 .\CortexM3\ARM_GCC_541\Debug\Electronic Gaspedal.a(JOYSTICK_ADC_XY_TempBuf_dma.o)
                                0x2b5 (size before relaxing)
 .debug_str     0x00004207       0x7d .\CortexM3\ARM_GCC_541\Debug\Electronic Gaspedal.a(JOYSTICK_ADC_XY_FinalBuf_dma.o)
                                0x2b9 (size before relaxing)
 .debug_str     0x00004284      0x16c .\CortexM3\ARM_GCC_541\Debug\Electronic Gaspedal.a(JOYSTICK_ADC_XY_IRQ.o)
                                0x36b (size before relaxing)
 .debug_str     0x000043f0      0x2e0 .\CortexM3\ARM_GCC_541\Debug\Electronic Gaspedal.a(UART_LOG.o)
                                0x4f2 (size before relaxing)
 .debug_str     0x000046d0      0x1ab .\CortexM3\ARM_GCC_541\Debug\Electronic Gaspedal.a(UART_LOG_IntClock.o)
                                0x367 (size before relaxing)
 .debug_str     0x0000487b      0x1f1 .\CortexM3\ARM_GCC_541\Debug\Electronic Gaspedal.a(RGB_PWM_green.o)
                                0x3ea (size before relaxing)
 .debug_str     0x00004a6c       0x5e .\CortexM3\ARM_GCC_541\Debug\Electronic Gaspedal.a(redLED.o)
                                0x1e8 (size before relaxing)
 .debug_str     0x00004aca       0xa9 .\CortexM3\ARM_GCC_541\Debug\Electronic Gaspedal.a(Pin_Button1.o)
                                0x249 (size before relaxing)
 .debug_str     0x00004b73       0x65 .\CortexM3\ARM_GCC_541\Debug\Electronic Gaspedal.a(CyFlash.o)
                                0x3c1 (size before relaxing)
 .debug_str     0x00004bd8       0x64 .\CortexM3\ARM_GCC_541\Debug\Electronic Gaspedal.a(CySpc.o)
                                0x339 (size before relaxing)
 .debug_str     0x00004c3c       0x56 .\CortexM3\ARM_GCC_541\Debug\Electronic Gaspedal.a(ErikaOS_ee_tnterm.o)
                                0x4fd (size before relaxing)
 .debug_str     0x00004c92       0x55 .\CortexM3\ARM_GCC_541\Debug\Electronic Gaspedal.a(ErikaOS_ee_tstub.o)
                                0x5d4 (size before relaxing)
 .debug_str     0x00004ce7       0x8a .\CortexM3\ARM_GCC_541\Debug\Electronic Gaspedal.a(ErikaOS_cortex_mx_ee_context.o)
                                0x58b (size before relaxing)
 .debug_str     0x00004d71       0x67 .\CortexM3\ARM_GCC_541\Debug\Electronic Gaspedal.a(ErikaOS_ee_thendin.o)
                                0x751 (size before relaxing)

.debug_loc      0x00000000     0x4b8e
 *(.debug_loc)
 .debug_loc     0x00000000      0x13a .\CortexM3\ARM_GCC_541\Debug\main.o
 .debug_loc     0x0000013a       0xb1 .\CortexM3\ARM_GCC_541\Debug\swc_brakelight_control.o
 .debug_loc     0x000001eb       0xc3 .\CortexM3\ARM_GCC_541\Debug\swc_calc_control.o
 .debug_loc     0x000002ae       0xed .\CortexM3\ARM_GCC_541\Debug\swc_engine_control.o
 .debug_loc     0x0000039b      0x172 .\CortexM3\ARM_GCC_541\Debug\swc_joystick.o
 .debug_loc     0x0000050d      0x322 .\CortexM3\ARM_GCC_541\Debug\led.o
 .debug_loc     0x0000082f       0x42 .\CortexM3\ARM_GCC_541\Debug\watchdog.o
 .debug_loc     0x00000871      0x10e .\CortexM3\ARM_GCC_541\Debug\rte.o
 .debug_loc     0x0000097f       0x1e .\CortexM3\ARM_GCC_541\Debug\sc_joystick_type.o
 .debug_loc     0x0000099d       0x45 .\CortexM3\ARM_GCC_541\Debug\sc_speed_type.o
 .debug_loc     0x000009e2      0x151 .\CortexM3\ARM_GCC_541\Debug\sp_signalpool.o
 .debug_loc     0x00000b33       0x62 .\CortexM3\ARM_GCC_541\Debug\joystick.o
 .debug_loc     0x00000b95      0x280 .\CortexM3\ARM_GCC_541\Debug\cyfitter_cfg.o
 .debug_loc     0x00000e15      0x144 .\CortexM3\ARM_GCC_541\Debug\Cm3Start.o
 .debug_loc     0x00000f59      0xb8e .\CortexM3\ARM_GCC_541\Debug\Electronic Gaspedal.a(CyDmac.o)
 .debug_loc     0x00001ae7      0xa11 .\CortexM3\ARM_GCC_541\Debug\Electronic Gaspedal.a(CyLib.o)
 .debug_loc     0x000024f8      0x1e4 .\CortexM3\ARM_GCC_541\Debug\Electronic Gaspedal.a(cyPm.o)
 .debug_loc     0x000026dc      0x12d .\CortexM3\ARM_GCC_541\Debug\Electronic Gaspedal.a(ErikaOS_ee_activate.o)
 .debug_loc     0x00002809      0x1e0 .\CortexM3\ARM_GCC_541\Debug\Electronic Gaspedal.a(ErikaOS_ee_alsetrel.o)
 .debug_loc     0x000029e9      0x46c .\CortexM3\ARM_GCC_541\Debug\Electronic Gaspedal.a(ErikaOS_ee_altick.o)
 .debug_loc     0x00002e55       0xbc .\CortexM3\ARM_GCC_541\Debug\Electronic Gaspedal.a(ErikaOS_ee_evclear.o)
 .debug_loc     0x00002f11       0xa4 .\CortexM3\ARM_GCC_541\Debug\Electronic Gaspedal.a(ErikaOS_ee_evget.o)
 .debug_loc     0x00002fb5      0x16b .\CortexM3\ARM_GCC_541\Debug\Electronic Gaspedal.a(ErikaOS_ee_evset.o)
 .debug_loc     0x00003120      0x13f .\CortexM3\ARM_GCC_541\Debug\Electronic Gaspedal.a(ErikaOS_ee_evwait.o)